// Jest Snapshot v1, https://goo.gl/fbAQLP

exports[`Itinerary: Render Correctly  should match with the previous snapshot 1`] = `
ShallowWrapper {
  Symbol(enzyme.__root__): [Circular],
  Symbol(enzyme.__unrendered__): <ItineraryDetail
    itineraryInfo={
      Array [
        Object {
          "0": Object {
            "description": "A representative will meet and take you to you to your hotel.",
            "eventTime": "15:35 - India Standard Time - 2 hours",
            "imagesUrl": Array [
              "https://dailystormer.name/wp-content/uploads/2013/07/London-taxi.jpg",
              "https://dailystormer.name/wp-content/uploads/2013/07/London-taxi.jpg",
            ],
            "order": "1",
            "sectionType": "cab",
            "title": "Private Transfer from Airport to Hotel",
          },
          "1": Object {
            "description": "Arrival at Dubai Airport at Evening, meet and greet at Airport and we transfer you toyour hotel. Check in to hotel.",
            "eventTime": "Monday, 24 August, 2019",
            "imagesUrl": Array [],
            "order": "4",
            "sectionType": "itinerary",
            "title": "Arrival at Dubai Airport.",
          },
          "2": Object {
            "description": "hotel detail",
            "eventTime": "hotel timing",
            "imagesUrl": Array [
              "https://dailystormer.name/wp-content/uploads/2013/07/London-taxi.jpg",
            ],
            "order": "2",
            "otherDetails": Object {
              "category": "",
              "email": "",
              "hotelDesc": "hotel description",
              "lat": "28.489743",
              "long": "77.074602",
              "name": "hotel",
              "phone": "44445454",
              "rating": 5,
              "tripAdvisorId": "",
              "web_url": "",
            },
            "sectionType": "hotel",
            "title": "hotel details",
          },
          "3": Object {
            "description": "At night, you will be taken for a memorable Night Safari experience. Being the first wildlife night park, it shows you nocturnal animals’ behavior in their natural habitat. This open-air zoo is known to house nearly 130 species of animals. After an exceptional experience, return to your hotel and stay overnight. Tip: Don't feed animals at the Night Safari",
            "eventTime": "15:35 - India Standard Time",
            "imagesUrl": Array [],
            "order": "3",
            "sectionType": "attraction",
            "title": "Night Safari",
          },
          "4": Object {
            "description": "Arrival at Dubai Airport at Evening, meet and greet at Airport and we transfer you toyour hotel. Chk in to hotel.",
            "eventTime": "15:35 - India Standard Time",
            "order": "4",
            "otherDetails": Object {
              "address": "abc",
              "airport_des": "airport description",
              "image_url": "https://dailystormer.name/wp-content/uploads/2013/07/London-taxi.jpg",
              "lat": "28.489743",
              "long": "77.074602",
              "name": "prashant",
              "phone": "33434",
              "rating": 4.3,
              "web_url": "",
            },
            "sectionType": "flight",
            "title": "Arrival",
          },
          "5": Object {
            "description": "going back to hotel after sight seeing",
            "eventTime": "15:35 - India Standard Time",
            "imagesUrl": Array [],
            "order": "3",
            "sectionType": "attraction",
            "title": "Back to Hotel",
          },
        },
      ]
    }
    location={
      Object {
        "query": Object {
          "day": 2,
        },
      }
    }
    quoteId={222222}
    setPdmCategory={[Function]}
    showHidePdmView={[Function]}
    tracksegment={[MockFunction]}
    tripId={111111}
  />,
  Symbol(enzyme.__renderer__): Object {
    "batchedUpdates": [Function],
    "checkPropTypes": [Function],
    "getNode": [Function],
    "render": [Function],
    "simulateError": [Function],
    "simulateEvent": [Function],
    "unmount": [Function],
  },
  Symbol(enzyme.__node__): Object {
    "instance": null,
    "key": undefined,
    "nodeType": "class",
    "props": Object {
      "children": <div>
        <div
          className="sbcw p15 flex relative pl48 bs6"
        >
          <Link
            className="absolute-center-v l10 mr8 input-24 p5 iblock"
            onlyActiveOnIndex={false}
            style={Object {}}
            to="/requested_trips/111111/quotes/222222"
          >
            <IconSvg />
          </Link>
          <p
            className="f16a m0 fw9 pfc3 flexFull flex alignCenter ellipsis"
          >
            Itinerary
          </p>
          <div
            className="absolute-center-v r10"
          >
            <withRouter(Connect(RequestCallback))
              isIcononly={true}
              isWhiteIcon={false}
            />
          </div>
        </div>
        <ForwardRef(render)>
          <div
            className="m8"
          >
            <ItineraryByDay
              day={1}
              defaultOpen={false}
              detail={
                Object {
                  "0": Object {
                    "description": "A representative will meet and take you to you to your hotel.",
                    "eventTime": "15:35 - India Standard Time - 2 hours",
                    "imagesUrl": Array [
                      "https://dailystormer.name/wp-content/uploads/2013/07/London-taxi.jpg",
                      "https://dailystormer.name/wp-content/uploads/2013/07/London-taxi.jpg",
                    ],
                    "order": "1",
                    "sectionType": "cab",
                    "title": "Private Transfer from Airport to Hotel",
                  },
                  "1": Object {
                    "description": "Arrival at Dubai Airport at Evening, meet and greet at Airport and we transfer you toyour hotel. Check in to hotel.",
                    "eventTime": "Monday, 24 August, 2019",
                    "imagesUrl": Array [],
                    "order": "4",
                    "sectionType": "itinerary",
                    "title": "Arrival at Dubai Airport.",
                  },
                  "2": Object {
                    "description": "hotel detail",
                    "eventTime": "hotel timing",
                    "imagesUrl": Array [
                      "https://dailystormer.name/wp-content/uploads/2013/07/London-taxi.jpg",
                    ],
                    "order": "2",
                    "otherDetails": Object {
                      "category": "",
                      "email": "",
                      "hotelDesc": "hotel description",
                      "lat": "28.489743",
                      "long": "77.074602",
                      "name": "hotel",
                      "phone": "44445454",
                      "rating": 5,
                      "tripAdvisorId": "",
                      "web_url": "",
                    },
                    "sectionType": "hotel",
                    "title": "hotel details",
                  },
                  "3": Object {
                    "description": "At night, you will be taken for a memorable Night Safari experience. Being the first wildlife night park, it shows you nocturnal animals’ behavior in their natural habitat. This open-air zoo is known to house nearly 130 species of animals. After an exceptional experience, return to your hotel and stay overnight. Tip: Don't feed animals at the Night Safari",
                    "eventTime": "15:35 - India Standard Time",
                    "imagesUrl": Array [],
                    "order": "3",
                    "sectionType": "attraction",
                    "title": "Night Safari",
                  },
                  "4": Object {
                    "description": "Arrival at Dubai Airport at Evening, meet and greet at Airport and we transfer you toyour hotel. Chk in to hotel.",
                    "eventTime": "15:35 - India Standard Time",
                    "order": "4",
                    "otherDetails": Object {
                      "address": "abc",
                      "airport_des": "airport description",
                      "image_url": "https://dailystormer.name/wp-content/uploads/2013/07/London-taxi.jpg",
                      "lat": "28.489743",
                      "long": "77.074602",
                      "name": "prashant",
                      "phone": "33434",
                      "rating": 4.3,
                      "web_url": "",
                    },
                    "sectionType": "flight",
                    "title": "Arrival",
                  },
                  "5": Object {
                    "description": "going back to hotel after sight seeing",
                    "eventTime": "15:35 - India Standard Time",
                    "imagesUrl": Array [],
                    "order": "3",
                    "sectionType": "attraction",
                    "title": "Back to Hotel",
                  },
                }
              }
              setPdmCategory={[Function]}
              showHidePdmView={[Function]}
              trackSegmentEvent={[Function]}
            />
          </div>
          <div
            className="fixed z5 b0 l0 wfull"
          >
            <AgentChatButton
              customButton={false}
              handleChatClick={[Function]}
              name="Edit Package"
              showIcon={false}
              textClassName="btn-filled-pri-large wfull radius2 pl8 pr8"
            />
          </div>
        </ForwardRef(render)>
      </div>,
      "name": "itinerary-sec",
    },
    "ref": null,
    "rendered": Object {
      "instance": null,
      "key": undefined,
      "nodeType": "host",
      "props": Object {
        "children": Array [
          <div
            className="sbcw p15 flex relative pl48 bs6"
          >
            <Link
              className="absolute-center-v l10 mr8 input-24 p5 iblock"
              onlyActiveOnIndex={false}
              style={Object {}}
              to="/requested_trips/111111/quotes/222222"
            >
              <IconSvg />
            </Link>
            <p
              className="f16a m0 fw9 pfc3 flexFull flex alignCenter ellipsis"
            >
              Itinerary
            </p>
            <div
              className="absolute-center-v r10"
            >
              <withRouter(Connect(RequestCallback))
                isIcononly={true}
                isWhiteIcon={false}
              />
            </div>
          </div>,
          <ForwardRef(render)>
            <div
              className="m8"
            >
              <ItineraryByDay
                day={1}
                defaultOpen={false}
                detail={
                  Object {
                    "0": Object {
                      "description": "A representative will meet and take you to you to your hotel.",
                      "eventTime": "15:35 - India Standard Time - 2 hours",
                      "imagesUrl": Array [
                        "https://dailystormer.name/wp-content/uploads/2013/07/London-taxi.jpg",
                        "https://dailystormer.name/wp-content/uploads/2013/07/London-taxi.jpg",
                      ],
                      "order": "1",
                      "sectionType": "cab",
                      "title": "Private Transfer from Airport to Hotel",
                    },
                    "1": Object {
                      "description": "Arrival at Dubai Airport at Evening, meet and greet at Airport and we transfer you toyour hotel. Check in to hotel.",
                      "eventTime": "Monday, 24 August, 2019",
                      "imagesUrl": Array [],
                      "order": "4",
                      "sectionType": "itinerary",
                      "title": "Arrival at Dubai Airport.",
                    },
                    "2": Object {
                      "description": "hotel detail",
                      "eventTime": "hotel timing",
                      "imagesUrl": Array [
                        "https://dailystormer.name/wp-content/uploads/2013/07/London-taxi.jpg",
                      ],
                      "order": "2",
                      "otherDetails": Object {
                        "category": "",
                        "email": "",
                        "hotelDesc": "hotel description",
                        "lat": "28.489743",
                        "long": "77.074602",
                        "name": "hotel",
                        "phone": "44445454",
                        "rating": 5,
                        "tripAdvisorId": "",
                        "web_url": "",
                      },
                      "sectionType": "hotel",
                      "title": "hotel details",
                    },
                    "3": Object {
                      "description": "At night, you will be taken for a memorable Night Safari experience. Being the first wildlife night park, it shows you nocturnal animals’ behavior in their natural habitat. This open-air zoo is known to house nearly 130 species of animals. After an exceptional experience, return to your hotel and stay overnight. Tip: Don't feed animals at the Night Safari",
                      "eventTime": "15:35 - India Standard Time",
                      "imagesUrl": Array [],
                      "order": "3",
                      "sectionType": "attraction",
                      "title": "Night Safari",
                    },
                    "4": Object {
                      "description": "Arrival at Dubai Airport at Evening, meet and greet at Airport and we transfer you toyour hotel. Chk in to hotel.",
                      "eventTime": "15:35 - India Standard Time",
                      "order": "4",
                      "otherDetails": Object {
                        "address": "abc",
                        "airport_des": "airport description",
                        "image_url": "https://dailystormer.name/wp-content/uploads/2013/07/London-taxi.jpg",
                        "lat": "28.489743",
                        "long": "77.074602",
                        "name": "prashant",
                        "phone": "33434",
                        "rating": 4.3,
                        "web_url": "",
                      },
                      "sectionType": "flight",
                      "title": "Arrival",
                    },
                    "5": Object {
                      "description": "going back to hotel after sight seeing",
                      "eventTime": "15:35 - India Standard Time",
                      "imagesUrl": Array [],
                      "order": "3",
                      "sectionType": "attraction",
                      "title": "Back to Hotel",
                    },
                  }
                }
                setPdmCategory={[Function]}
                showHidePdmView={[Function]}
                trackSegmentEvent={[Function]}
              />
            </div>
            <div
              className="fixed z5 b0 l0 wfull"
            >
              <AgentChatButton
                customButton={false}
                handleChatClick={[Function]}
                name="Edit Package"
                showIcon={false}
                textClassName="btn-filled-pri-large wfull radius2 pl8 pr8"
              />
            </div>
          </ForwardRef(render)>,
        ],
      },
      "ref": null,
      "rendered": Array [
        Object {
          "instance": null,
          "key": undefined,
          "nodeType": "host",
          "props": Object {
            "children": Array [
              <Link
                className="absolute-center-v l10 mr8 input-24 p5 iblock"
                onlyActiveOnIndex={false}
                style={Object {}}
                to="/requested_trips/111111/quotes/222222"
              >
                <IconSvg />
              </Link>,
              <p
                className="f16a m0 fw9 pfc3 flexFull flex alignCenter ellipsis"
              >
                Itinerary
              </p>,
              <div
                className="absolute-center-v r10"
              >
                <withRouter(Connect(RequestCallback))
                  isIcononly={true}
                  isWhiteIcon={false}
                />
              </div>,
            ],
            "className": "sbcw p15 flex relative pl48 bs6",
          },
          "ref": null,
          "rendered": Array [
            Object {
              "instance": null,
              "key": undefined,
              "nodeType": "class",
              "props": Object {
                "children": <IconSvg />,
                "className": "absolute-center-v l10 mr8 input-24 p5 iblock",
                "onlyActiveOnIndex": false,
                "style": Object {},
                "to": "/requested_trips/111111/quotes/222222",
              },
              "ref": null,
              "rendered": Object {
                "instance": null,
                "key": undefined,
                "nodeType": "function",
                "props": Object {},
                "ref": null,
                "rendered": null,
                "type": [Function],
              },
              "type": [Function],
            },
            Object {
              "instance": null,
              "key": undefined,
              "nodeType": "host",
              "props": Object {
                "children": "Itinerary",
                "className": "f16a m0 fw9 pfc3 flexFull flex alignCenter ellipsis",
              },
              "ref": null,
              "rendered": "Itinerary",
              "type": "p",
            },
            Object {
              "instance": null,
              "key": undefined,
              "nodeType": "host",
              "props": Object {
                "children": <withRouter(Connect(RequestCallback))
                  isIcononly={true}
                  isWhiteIcon={false}
                />,
                "className": "absolute-center-v r10",
              },
              "ref": null,
              "rendered": Object {
                "instance": null,
                "key": undefined,
                "nodeType": "class",
                "props": Object {
                  "isIcononly": true,
                  "isWhiteIcon": false,
                },
                "ref": null,
                "rendered": null,
                "type": [Function],
              },
              "type": "div",
            },
          ],
          "type": "div",
        },
        Object {
          "instance": null,
          "key": undefined,
          "nodeType": "function",
          "props": Object {
            "children": Array [
              <div
                className="m8"
              >
                <ItineraryByDay
                  day={1}
                  defaultOpen={false}
                  detail={
                    Object {
                      "0": Object {
                        "description": "A representative will meet and take you to you to your hotel.",
                        "eventTime": "15:35 - India Standard Time - 2 hours",
                        "imagesUrl": Array [
                          "https://dailystormer.name/wp-content/uploads/2013/07/London-taxi.jpg",
                          "https://dailystormer.name/wp-content/uploads/2013/07/London-taxi.jpg",
                        ],
                        "order": "1",
                        "sectionType": "cab",
                        "title": "Private Transfer from Airport to Hotel",
                      },
                      "1": Object {
                        "description": "Arrival at Dubai Airport at Evening, meet and greet at Airport and we transfer you toyour hotel. Check in to hotel.",
                        "eventTime": "Monday, 24 August, 2019",
                        "imagesUrl": Array [],
                        "order": "4",
                        "sectionType": "itinerary",
                        "title": "Arrival at Dubai Airport.",
                      },
                      "2": Object {
                        "description": "hotel detail",
                        "eventTime": "hotel timing",
                        "imagesUrl": Array [
                          "https://dailystormer.name/wp-content/uploads/2013/07/London-taxi.jpg",
                        ],
                        "order": "2",
                        "otherDetails": Object {
                          "category": "",
                          "email": "",
                          "hotelDesc": "hotel description",
                          "lat": "28.489743",
                          "long": "77.074602",
                          "name": "hotel",
                          "phone": "44445454",
                          "rating": 5,
                          "tripAdvisorId": "",
                          "web_url": "",
                        },
                        "sectionType": "hotel",
                        "title": "hotel details",
                      },
                      "3": Object {
                        "description": "At night, you will be taken for a memorable Night Safari experience. Being the first wildlife night park, it shows you nocturnal animals’ behavior in their natural habitat. This open-air zoo is known to house nearly 130 species of animals. After an exceptional experience, return to your hotel and stay overnight. Tip: Don't feed animals at the Night Safari",
                        "eventTime": "15:35 - India Standard Time",
                        "imagesUrl": Array [],
                        "order": "3",
                        "sectionType": "attraction",
                        "title": "Night Safari",
                      },
                      "4": Object {
                        "description": "Arrival at Dubai Airport at Evening, meet and greet at Airport and we transfer you toyour hotel. Chk in to hotel.",
                        "eventTime": "15:35 - India Standard Time",
                        "order": "4",
                        "otherDetails": Object {
                          "address": "abc",
                          "airport_des": "airport description",
                          "image_url": "https://dailystormer.name/wp-content/uploads/2013/07/London-taxi.jpg",
                          "lat": "28.489743",
                          "long": "77.074602",
                          "name": "prashant",
                          "phone": "33434",
                          "rating": 4.3,
                          "web_url": "",
                        },
                        "sectionType": "flight",
                        "title": "Arrival",
                      },
                      "5": Object {
                        "description": "going back to hotel after sight seeing",
                        "eventTime": "15:35 - India Standard Time",
                        "imagesUrl": Array [],
                        "order": "3",
                        "sectionType": "attraction",
                        "title": "Back to Hotel",
                      },
                    }
                  }
                  setPdmCategory={[Function]}
                  showHidePdmView={[Function]}
                  trackSegmentEvent={[Function]}
                />
              </div>,
              <div
                className="fixed z5 b0 l0 wfull"
              >
                <AgentChatButton
                  customButton={false}
                  handleChatClick={[Function]}
                  name="Edit Package"
                  showIcon={false}
                  textClassName="btn-filled-pri-large wfull radius2 pl8 pr8"
                />
              </div>,
            ],
          },
          "ref": null,
          "rendered": Array [
            Object {
              "instance": null,
              "key": undefined,
              "nodeType": "host",
              "props": Object {
                "children": Array [
                  <ItineraryByDay
                    day={1}
                    defaultOpen={false}
                    detail={
                      Object {
                        "0": Object {
                          "description": "A representative will meet and take you to you to your hotel.",
                          "eventTime": "15:35 - India Standard Time - 2 hours",
                          "imagesUrl": Array [
                            "https://dailystormer.name/wp-content/uploads/2013/07/London-taxi.jpg",
                            "https://dailystormer.name/wp-content/uploads/2013/07/London-taxi.jpg",
                          ],
                          "order": "1",
                          "sectionType": "cab",
                          "title": "Private Transfer from Airport to Hotel",
                        },
                        "1": Object {
                          "description": "Arrival at Dubai Airport at Evening, meet and greet at Airport and we transfer you toyour hotel. Check in to hotel.",
                          "eventTime": "Monday, 24 August, 2019",
                          "imagesUrl": Array [],
                          "order": "4",
                          "sectionType": "itinerary",
                          "title": "Arrival at Dubai Airport.",
                        },
                        "2": Object {
                          "description": "hotel detail",
                          "eventTime": "hotel timing",
                          "imagesUrl": Array [
                            "https://dailystormer.name/wp-content/uploads/2013/07/London-taxi.jpg",
                          ],
                          "order": "2",
                          "otherDetails": Object {
                            "category": "",
                            "email": "",
                            "hotelDesc": "hotel description",
                            "lat": "28.489743",
                            "long": "77.074602",
                            "name": "hotel",
                            "phone": "44445454",
                            "rating": 5,
                            "tripAdvisorId": "",
                            "web_url": "",
                          },
                          "sectionType": "hotel",
                          "title": "hotel details",
                        },
                        "3": Object {
                          "description": "At night, you will be taken for a memorable Night Safari experience. Being the first wildlife night park, it shows you nocturnal animals’ behavior in their natural habitat. This open-air zoo is known to house nearly 130 species of animals. After an exceptional experience, return to your hotel and stay overnight. Tip: Don't feed animals at the Night Safari",
                          "eventTime": "15:35 - India Standard Time",
                          "imagesUrl": Array [],
                          "order": "3",
                          "sectionType": "attraction",
                          "title": "Night Safari",
                        },
                        "4": Object {
                          "description": "Arrival at Dubai Airport at Evening, meet and greet at Airport and we transfer you toyour hotel. Chk in to hotel.",
                          "eventTime": "15:35 - India Standard Time",
                          "order": "4",
                          "otherDetails": Object {
                            "address": "abc",
                            "airport_des": "airport description",
                            "image_url": "https://dailystormer.name/wp-content/uploads/2013/07/London-taxi.jpg",
                            "lat": "28.489743",
                            "long": "77.074602",
                            "name": "prashant",
                            "phone": "33434",
                            "rating": 4.3,
                            "web_url": "",
                          },
                          "sectionType": "flight",
                          "title": "Arrival",
                        },
                        "5": Object {
                          "description": "going back to hotel after sight seeing",
                          "eventTime": "15:35 - India Standard Time",
                          "imagesUrl": Array [],
                          "order": "3",
                          "sectionType": "attraction",
                          "title": "Back to Hotel",
                        },
                      }
                    }
                    setPdmCategory={[Function]}
                    showHidePdmView={[Function]}
                    trackSegmentEvent={[Function]}
                  />,
                ],
                "className": "m8",
              },
              "ref": null,
              "rendered": Array [
                Object {
                  "instance": null,
                  "key": "0",
                  "nodeType": "function",
                  "props": Object {
                    "day": 1,
                    "defaultOpen": false,
                    "detail": Object {
                      "0": Object {
                        "description": "A representative will meet and take you to you to your hotel.",
                        "eventTime": "15:35 - India Standard Time - 2 hours",
                        "imagesUrl": Array [
                          "https://dailystormer.name/wp-content/uploads/2013/07/London-taxi.jpg",
                          "https://dailystormer.name/wp-content/uploads/2013/07/London-taxi.jpg",
                        ],
                        "order": "1",
                        "sectionType": "cab",
                        "title": "Private Transfer from Airport to Hotel",
                      },
                      "1": Object {
                        "description": "Arrival at Dubai Airport at Evening, meet and greet at Airport and we transfer you toyour hotel. Check in to hotel.",
                        "eventTime": "Monday, 24 August, 2019",
                        "imagesUrl": Array [],
                        "order": "4",
                        "sectionType": "itinerary",
                        "title": "Arrival at Dubai Airport.",
                      },
                      "2": Object {
                        "description": "hotel detail",
                        "eventTime": "hotel timing",
                        "imagesUrl": Array [
                          "https://dailystormer.name/wp-content/uploads/2013/07/London-taxi.jpg",
                        ],
                        "order": "2",
                        "otherDetails": Object {
                          "category": "",
                          "email": "",
                          "hotelDesc": "hotel description",
                          "lat": "28.489743",
                          "long": "77.074602",
                          "name": "hotel",
                          "phone": "44445454",
                          "rating": 5,
                          "tripAdvisorId": "",
                          "web_url": "",
                        },
                        "sectionType": "hotel",
                        "title": "hotel details",
                      },
                      "3": Object {
                        "description": "At night, you will be taken for a memorable Night Safari experience. Being the first wildlife night park, it shows you nocturnal animals’ behavior in their natural habitat. This open-air zoo is known to house nearly 130 species of animals. After an exceptional experience, return to your hotel and stay overnight. Tip: Don't feed animals at the Night Safari",
                        "eventTime": "15:35 - India Standard Time",
                        "imagesUrl": Array [],
                        "order": "3",
                        "sectionType": "attraction",
                        "title": "Night Safari",
                      },
                      "4": Object {
                        "description": "Arrival at Dubai Airport at Evening, meet and greet at Airport and we transfer you toyour hotel. Chk in to hotel.",
                        "eventTime": "15:35 - India Standard Time",
                        "order": "4",
                        "otherDetails": Object {
                          "address": "abc",
                          "airport_des": "airport description",
                          "image_url": "https://dailystormer.name/wp-content/uploads/2013/07/London-taxi.jpg",
                          "lat": "28.489743",
                          "long": "77.074602",
                          "name": "prashant",
                          "phone": "33434",
                          "rating": 4.3,
                          "web_url": "",
                        },
                        "sectionType": "flight",
                        "title": "Arrival",
                      },
                      "5": Object {
                        "description": "going back to hotel after sight seeing",
                        "eventTime": "15:35 - India Standard Time",
                        "imagesUrl": Array [],
                        "order": "3",
                        "sectionType": "attraction",
                        "title": "Back to Hotel",
                      },
                    },
                    "setPdmCategory": [Function],
                    "showHidePdmView": [Function],
                    "trackSegmentEvent": [Function],
                  },
                  "ref": null,
                  "rendered": null,
                  "type": [Function],
                },
              ],
              "type": "div",
            },
            Object {
              "instance": null,
              "key": undefined,
              "nodeType": "host",
              "props": Object {
                "children": <AgentChatButton
                  customButton={false}
                  handleChatClick={[Function]}
                  name="Edit Package"
                  showIcon={false}
                  textClassName="btn-filled-pri-large wfull radius2 pl8 pr8"
                />,
                "className": "fixed z5 b0 l0 wfull",
              },
              "ref": null,
              "rendered": Object {
                "instance": null,
                "key": undefined,
                "nodeType": "class",
                "props": Object {
                  "customButton": false,
                  "handleChatClick": [Function],
                  "name": "Edit Package",
                  "showIcon": false,
                  "textClassName": "btn-filled-pri-large wfull radius2 pl8 pr8",
                },
                "ref": null,
                "rendered": null,
                "type": [Function],
              },
              "type": "div",
            },
          ],
          "type": Object {
            "$$typeof": Symbol(react.forward_ref),
            "__emotion_base": "div",
            "__emotion_forwardProp": undefined,
            "__emotion_real": [Circular],
            "__emotion_styles": Array [
              Object {
                "height": "calc(100vh - 100px)",
                "overflowY": "auto",
              },
            ],
            "defaultProps": undefined,
            "displayName": "Styled(div)",
            "render": [Function],
            "withComponent": [Function],
          },
        },
      ],
      "type": "div",
    },
    "type": [Function],
  },
  Symbol(enzyme.__nodes__): Array [
    Object {
      "instance": null,
      "key": undefined,
      "nodeType": "class",
      "props": Object {
        "children": <div>
          <div
            className="sbcw p15 flex relative pl48 bs6"
          >
            <Link
              className="absolute-center-v l10 mr8 input-24 p5 iblock"
              onlyActiveOnIndex={false}
              style={Object {}}
              to="/requested_trips/111111/quotes/222222"
            >
              <IconSvg />
            </Link>
            <p
              className="f16a m0 fw9 pfc3 flexFull flex alignCenter ellipsis"
            >
              Itinerary
            </p>
            <div
              className="absolute-center-v r10"
            >
              <withRouter(Connect(RequestCallback))
                isIcononly={true}
                isWhiteIcon={false}
              />
            </div>
          </div>
          <ForwardRef(render)>
            <div
              className="m8"
            >
              <ItineraryByDay
                day={1}
                defaultOpen={false}
                detail={
                  Object {
                    "0": Object {
                      "description": "A representative will meet and take you to you to your hotel.",
                      "eventTime": "15:35 - India Standard Time - 2 hours",
                      "imagesUrl": Array [
                        "https://dailystormer.name/wp-content/uploads/2013/07/London-taxi.jpg",
                        "https://dailystormer.name/wp-content/uploads/2013/07/London-taxi.jpg",
                      ],
                      "order": "1",
                      "sectionType": "cab",
                      "title": "Private Transfer from Airport to Hotel",
                    },
                    "1": Object {
                      "description": "Arrival at Dubai Airport at Evening, meet and greet at Airport and we transfer you toyour hotel. Check in to hotel.",
                      "eventTime": "Monday, 24 August, 2019",
                      "imagesUrl": Array [],
                      "order": "4",
                      "sectionType": "itinerary",
                      "title": "Arrival at Dubai Airport.",
                    },
                    "2": Object {
                      "description": "hotel detail",
                      "eventTime": "hotel timing",
                      "imagesUrl": Array [
                        "https://dailystormer.name/wp-content/uploads/2013/07/London-taxi.jpg",
                      ],
                      "order": "2",
                      "otherDetails": Object {
                        "category": "",
                        "email": "",
                        "hotelDesc": "hotel description",
                        "lat": "28.489743",
                        "long": "77.074602",
                        "name": "hotel",
                        "phone": "44445454",
                        "rating": 5,
                        "tripAdvisorId": "",
                        "web_url": "",
                      },
                      "sectionType": "hotel",
                      "title": "hotel details",
                    },
                    "3": Object {
                      "description": "At night, you will be taken for a memorable Night Safari experience. Being the first wildlife night park, it shows you nocturnal animals’ behavior in their natural habitat. This open-air zoo is known to house nearly 130 species of animals. After an exceptional experience, return to your hotel and stay overnight. Tip: Don't feed animals at the Night Safari",
                      "eventTime": "15:35 - India Standard Time",
                      "imagesUrl": Array [],
                      "order": "3",
                      "sectionType": "attraction",
                      "title": "Night Safari",
                    },
                    "4": Object {
                      "description": "Arrival at Dubai Airport at Evening, meet and greet at Airport and we transfer you toyour hotel. Chk in to hotel.",
                      "eventTime": "15:35 - India Standard Time",
                      "order": "4",
                      "otherDetails": Object {
                        "address": "abc",
                        "airport_des": "airport description",
                        "image_url": "https://dailystormer.name/wp-content/uploads/2013/07/London-taxi.jpg",
                        "lat": "28.489743",
                        "long": "77.074602",
                        "name": "prashant",
                        "phone": "33434",
                        "rating": 4.3,
                        "web_url": "",
                      },
                      "sectionType": "flight",
                      "title": "Arrival",
                    },
                    "5": Object {
                      "description": "going back to hotel after sight seeing",
                      "eventTime": "15:35 - India Standard Time",
                      "imagesUrl": Array [],
                      "order": "3",
                      "sectionType": "attraction",
                      "title": "Back to Hotel",
                    },
                  }
                }
                setPdmCategory={[Function]}
                showHidePdmView={[Function]}
                trackSegmentEvent={[Function]}
              />
            </div>
            <div
              className="fixed z5 b0 l0 wfull"
            >
              <AgentChatButton
                customButton={false}
                handleChatClick={[Function]}
                name="Edit Package"
                showIcon={false}
                textClassName="btn-filled-pri-large wfull radius2 pl8 pr8"
              />
            </div>
          </ForwardRef(render)>
        </div>,
        "name": "itinerary-sec",
      },
      "ref": null,
      "rendered": Object {
        "instance": null,
        "key": undefined,
        "nodeType": "host",
        "props": Object {
          "children": Array [
            <div
              className="sbcw p15 flex relative pl48 bs6"
            >
              <Link
                className="absolute-center-v l10 mr8 input-24 p5 iblock"
                onlyActiveOnIndex={false}
                style={Object {}}
                to="/requested_trips/111111/quotes/222222"
              >
                <IconSvg />
              </Link>
              <p
                className="f16a m0 fw9 pfc3 flexFull flex alignCenter ellipsis"
              >
                Itinerary
              </p>
              <div
                className="absolute-center-v r10"
              >
                <withRouter(Connect(RequestCallback))
                  isIcononly={true}
                  isWhiteIcon={false}
                />
              </div>
            </div>,
            <ForwardRef(render)>
              <div
                className="m8"
              >
                <ItineraryByDay
                  day={1}
                  defaultOpen={false}
                  detail={
                    Object {
                      "0": Object {
                        "description": "A representative will meet and take you to you to your hotel.",
                        "eventTime": "15:35 - India Standard Time - 2 hours",
                        "imagesUrl": Array [
                          "https://dailystormer.name/wp-content/uploads/2013/07/London-taxi.jpg",
                          "https://dailystormer.name/wp-content/uploads/2013/07/London-taxi.jpg",
                        ],
                        "order": "1",
                        "sectionType": "cab",
                        "title": "Private Transfer from Airport to Hotel",
                      },
                      "1": Object {
                        "description": "Arrival at Dubai Airport at Evening, meet and greet at Airport and we transfer you toyour hotel. Check in to hotel.",
                        "eventTime": "Monday, 24 August, 2019",
                        "imagesUrl": Array [],
                        "order": "4",
                        "sectionType": "itinerary",
                        "title": "Arrival at Dubai Airport.",
                      },
                      "2": Object {
                        "description": "hotel detail",
                        "eventTime": "hotel timing",
                        "imagesUrl": Array [
                          "https://dailystormer.name/wp-content/uploads/2013/07/London-taxi.jpg",
                        ],
                        "order": "2",
                        "otherDetails": Object {
                          "category": "",
                          "email": "",
                          "hotelDesc": "hotel description",
                          "lat": "28.489743",
                          "long": "77.074602",
                          "name": "hotel",
                          "phone": "44445454",
                          "rating": 5,
                          "tripAdvisorId": "",
                          "web_url": "",
                        },
                        "sectionType": "hotel",
                        "title": "hotel details",
                      },
                      "3": Object {
                        "description": "At night, you will be taken for a memorable Night Safari experience. Being the first wildlife night park, it shows you nocturnal animals’ behavior in their natural habitat. This open-air zoo is known to house nearly 130 species of animals. After an exceptional experience, return to your hotel and stay overnight. Tip: Don't feed animals at the Night Safari",
                        "eventTime": "15:35 - India Standard Time",
                        "imagesUrl": Array [],
                        "order": "3",
                        "sectionType": "attraction",
                        "title": "Night Safari",
                      },
                      "4": Object {
                        "description": "Arrival at Dubai Airport at Evening, meet and greet at Airport and we transfer you toyour hotel. Chk in to hotel.",
                        "eventTime": "15:35 - India Standard Time",
                        "order": "4",
                        "otherDetails": Object {
                          "address": "abc",
                          "airport_des": "airport description",
                          "image_url": "https://dailystormer.name/wp-content/uploads/2013/07/London-taxi.jpg",
                          "lat": "28.489743",
                          "long": "77.074602",
                          "name": "prashant",
                          "phone": "33434",
                          "rating": 4.3,
                          "web_url": "",
                        },
                        "sectionType": "flight",
                        "title": "Arrival",
                      },
                      "5": Object {
                        "description": "going back to hotel after sight seeing",
                        "eventTime": "15:35 - India Standard Time",
                        "imagesUrl": Array [],
                        "order": "3",
                        "sectionType": "attraction",
                        "title": "Back to Hotel",
                      },
                    }
                  }
                  setPdmCategory={[Function]}
                  showHidePdmView={[Function]}
                  trackSegmentEvent={[Function]}
                />
              </div>
              <div
                className="fixed z5 b0 l0 wfull"
              >
                <AgentChatButton
                  customButton={false}
                  handleChatClick={[Function]}
                  name="Edit Package"
                  showIcon={false}
                  textClassName="btn-filled-pri-large wfull radius2 pl8 pr8"
                />
              </div>
            </ForwardRef(render)>,
          ],
        },
        "ref": null,
        "rendered": Array [
          Object {
            "instance": null,
            "key": undefined,
            "nodeType": "host",
            "props": Object {
              "children": Array [
                <Link
                  className="absolute-center-v l10 mr8 input-24 p5 iblock"
                  onlyActiveOnIndex={false}
                  style={Object {}}
                  to="/requested_trips/111111/quotes/222222"
                >
                  <IconSvg />
                </Link>,
                <p
                  className="f16a m0 fw9 pfc3 flexFull flex alignCenter ellipsis"
                >
                  Itinerary
                </p>,
                <div
                  className="absolute-center-v r10"
                >
                  <withRouter(Connect(RequestCallback))
                    isIcononly={true}
                    isWhiteIcon={false}
                  />
                </div>,
              ],
              "className": "sbcw p15 flex relative pl48 bs6",
            },
            "ref": null,
            "rendered": Array [
              Object {
                "instance": null,
                "key": undefined,
                "nodeType": "class",
                "props": Object {
                  "children": <IconSvg />,
                  "className": "absolute-center-v l10 mr8 input-24 p5 iblock",
                  "onlyActiveOnIndex": false,
                  "style": Object {},
                  "to": "/requested_trips/111111/quotes/222222",
                },
                "ref": null,
                "rendered": Object {
                  "instance": null,
                  "key": undefined,
                  "nodeType": "function",
                  "props": Object {},
                  "ref": null,
                  "rendered": null,
                  "type": [Function],
                },
                "type": [Function],
              },
              Object {
                "instance": null,
                "key": undefined,
                "nodeType": "host",
                "props": Object {
                  "children": "Itinerary",
                  "className": "f16a m0 fw9 pfc3 flexFull flex alignCenter ellipsis",
                },
                "ref": null,
                "rendered": "Itinerary",
                "type": "p",
              },
              Object {
                "instance": null,
                "key": undefined,
                "nodeType": "host",
                "props": Object {
                  "children": <withRouter(Connect(RequestCallback))
                    isIcononly={true}
                    isWhiteIcon={false}
                  />,
                  "className": "absolute-center-v r10",
                },
                "ref": null,
                "rendered": Object {
                  "instance": null,
                  "key": undefined,
                  "nodeType": "class",
                  "props": Object {
                    "isIcononly": true,
                    "isWhiteIcon": false,
                  },
                  "ref": null,
                  "rendered": null,
                  "type": [Function],
                },
                "type": "div",
              },
            ],
            "type": "div",
          },
          Object {
            "instance": null,
            "key": undefined,
            "nodeType": "function",
            "props": Object {
              "children": Array [
                <div
                  className="m8"
                >
                  <ItineraryByDay
                    day={1}
                    defaultOpen={false}
                    detail={
                      Object {
                        "0": Object {
                          "description": "A representative will meet and take you to you to your hotel.",
                          "eventTime": "15:35 - India Standard Time - 2 hours",
                          "imagesUrl": Array [
                            "https://dailystormer.name/wp-content/uploads/2013/07/London-taxi.jpg",
                            "https://dailystormer.name/wp-content/uploads/2013/07/London-taxi.jpg",
                          ],
                          "order": "1",
                          "sectionType": "cab",
                          "title": "Private Transfer from Airport to Hotel",
                        },
                        "1": Object {
                          "description": "Arrival at Dubai Airport at Evening, meet and greet at Airport and we transfer you toyour hotel. Check in to hotel.",
                          "eventTime": "Monday, 24 August, 2019",
                          "imagesUrl": Array [],
                          "order": "4",
                          "sectionType": "itinerary",
                          "title": "Arrival at Dubai Airport.",
                        },
                        "2": Object {
                          "description": "hotel detail",
                          "eventTime": "hotel timing",
                          "imagesUrl": Array [
                            "https://dailystormer.name/wp-content/uploads/2013/07/London-taxi.jpg",
                          ],
                          "order": "2",
                          "otherDetails": Object {
                            "category": "",
                            "email": "",
                            "hotelDesc": "hotel description",
                            "lat": "28.489743",
                            "long": "77.074602",
                            "name": "hotel",
                            "phone": "44445454",
                            "rating": 5,
                            "tripAdvisorId": "",
                            "web_url": "",
                          },
                          "sectionType": "hotel",
                          "title": "hotel details",
                        },
                        "3": Object {
                          "description": "At night, you will be taken for a memorable Night Safari experience. Being the first wildlife night park, it shows you nocturnal animals’ behavior in their natural habitat. This open-air zoo is known to house nearly 130 species of animals. After an exceptional experience, return to your hotel and stay overnight. Tip: Don't feed animals at the Night Safari",
                          "eventTime": "15:35 - India Standard Time",
                          "imagesUrl": Array [],
                          "order": "3",
                          "sectionType": "attraction",
                          "title": "Night Safari",
                        },
                        "4": Object {
                          "description": "Arrival at Dubai Airport at Evening, meet and greet at Airport and we transfer you toyour hotel. Chk in to hotel.",
                          "eventTime": "15:35 - India Standard Time",
                          "order": "4",
                          "otherDetails": Object {
                            "address": "abc",
                            "airport_des": "airport description",
                            "image_url": "https://dailystormer.name/wp-content/uploads/2013/07/London-taxi.jpg",
                            "lat": "28.489743",
                            "long": "77.074602",
                            "name": "prashant",
                            "phone": "33434",
                            "rating": 4.3,
                            "web_url": "",
                          },
                          "sectionType": "flight",
                          "title": "Arrival",
                        },
                        "5": Object {
                          "description": "going back to hotel after sight seeing",
                          "eventTime": "15:35 - India Standard Time",
                          "imagesUrl": Array [],
                          "order": "3",
                          "sectionType": "attraction",
                          "title": "Back to Hotel",
                        },
                      }
                    }
                    setPdmCategory={[Function]}
                    showHidePdmView={[Function]}
                    trackSegmentEvent={[Function]}
                  />
                </div>,
                <div
                  className="fixed z5 b0 l0 wfull"
                >
                  <AgentChatButton
                    customButton={false}
                    handleChatClick={[Function]}
                    name="Edit Package"
                    showIcon={false}
                    textClassName="btn-filled-pri-large wfull radius2 pl8 pr8"
                  />
                </div>,
              ],
            },
            "ref": null,
            "rendered": Array [
              Object {
                "instance": null,
                "key": undefined,
                "nodeType": "host",
                "props": Object {
                  "children": Array [
                    <ItineraryByDay
                      day={1}
                      defaultOpen={false}
                      detail={
                        Object {
                          "0": Object {
                            "description": "A representative will meet and take you to you to your hotel.",
                            "eventTime": "15:35 - India Standard Time - 2 hours",
                            "imagesUrl": Array [
                              "https://dailystormer.name/wp-content/uploads/2013/07/London-taxi.jpg",
                              "https://dailystormer.name/wp-content/uploads/2013/07/London-taxi.jpg",
                            ],
                            "order": "1",
                            "sectionType": "cab",
                            "title": "Private Transfer from Airport to Hotel",
                          },
                          "1": Object {
                            "description": "Arrival at Dubai Airport at Evening, meet and greet at Airport and we transfer you toyour hotel. Check in to hotel.",
                            "eventTime": "Monday, 24 August, 2019",
                            "imagesUrl": Array [],
                            "order": "4",
                            "sectionType": "itinerary",
                            "title": "Arrival at Dubai Airport.",
                          },
                          "2": Object {
                            "description": "hotel detail",
                            "eventTime": "hotel timing",
                            "imagesUrl": Array [
                              "https://dailystormer.name/wp-content/uploads/2013/07/London-taxi.jpg",
                            ],
                            "order": "2",
                            "otherDetails": Object {
                              "category": "",
                              "email": "",
                              "hotelDesc": "hotel description",
                              "lat": "28.489743",
                              "long": "77.074602",
                              "name": "hotel",
                              "phone": "44445454",
                              "rating": 5,
                              "tripAdvisorId": "",
                              "web_url": "",
                            },
                            "sectionType": "hotel",
                            "title": "hotel details",
                          },
                          "3": Object {
                            "description": "At night, you will be taken for a memorable Night Safari experience. Being the first wildlife night park, it shows you nocturnal animals’ behavior in their natural habitat. This open-air zoo is known to house nearly 130 species of animals. After an exceptional experience, return to your hotel and stay overnight. Tip: Don't feed animals at the Night Safari",
                            "eventTime": "15:35 - India Standard Time",
                            "imagesUrl": Array [],
                            "order": "3",
                            "sectionType": "attraction",
                            "title": "Night Safari",
                          },
                          "4": Object {
                            "description": "Arrival at Dubai Airport at Evening, meet and greet at Airport and we transfer you toyour hotel. Chk in to hotel.",
                            "eventTime": "15:35 - India Standard Time",
                            "order": "4",
                            "otherDetails": Object {
                              "address": "abc",
                              "airport_des": "airport description",
                              "image_url": "https://dailystormer.name/wp-content/uploads/2013/07/London-taxi.jpg",
                              "lat": "28.489743",
                              "long": "77.074602",
                              "name": "prashant",
                              "phone": "33434",
                              "rating": 4.3,
                              "web_url": "",
                            },
                            "sectionType": "flight",
                            "title": "Arrival",
                          },
                          "5": Object {
                            "description": "going back to hotel after sight seeing",
                            "eventTime": "15:35 - India Standard Time",
                            "imagesUrl": Array [],
                            "order": "3",
                            "sectionType": "attraction",
                            "title": "Back to Hotel",
                          },
                        }
                      }
                      setPdmCategory={[Function]}
                      showHidePdmView={[Function]}
                      trackSegmentEvent={[Function]}
                    />,
                  ],
                  "className": "m8",
                },
                "ref": null,
                "rendered": Array [
                  Object {
                    "instance": null,
                    "key": "0",
                    "nodeType": "function",
                    "props": Object {
                      "day": 1,
                      "defaultOpen": false,
                      "detail": Object {
                        "0": Object {
                          "description": "A representative will meet and take you to you to your hotel.",
                          "eventTime": "15:35 - India Standard Time - 2 hours",
                          "imagesUrl": Array [
                            "https://dailystormer.name/wp-content/uploads/2013/07/London-taxi.jpg",
                            "https://dailystormer.name/wp-content/uploads/2013/07/London-taxi.jpg",
                          ],
                          "order": "1",
                          "sectionType": "cab",
                          "title": "Private Transfer from Airport to Hotel",
                        },
                        "1": Object {
                          "description": "Arrival at Dubai Airport at Evening, meet and greet at Airport and we transfer you toyour hotel. Check in to hotel.",
                          "eventTime": "Monday, 24 August, 2019",
                          "imagesUrl": Array [],
                          "order": "4",
                          "sectionType": "itinerary",
                          "title": "Arrival at Dubai Airport.",
                        },
                        "2": Object {
                          "description": "hotel detail",
                          "eventTime": "hotel timing",
                          "imagesUrl": Array [
                            "https://dailystormer.name/wp-content/uploads/2013/07/London-taxi.jpg",
                          ],
                          "order": "2",
                          "otherDetails": Object {
                            "category": "",
                            "email": "",
                            "hotelDesc": "hotel description",
                            "lat": "28.489743",
                            "long": "77.074602",
                            "name": "hotel",
                            "phone": "44445454",
                            "rating": 5,
                            "tripAdvisorId": "",
                            "web_url": "",
                          },
                          "sectionType": "hotel",
                          "title": "hotel details",
                        },
                        "3": Object {
                          "description": "At night, you will be taken for a memorable Night Safari experience. Being the first wildlife night park, it shows you nocturnal animals’ behavior in their natural habitat. This open-air zoo is known to house nearly 130 species of animals. After an exceptional experience, return to your hotel and stay overnight. Tip: Don't feed animals at the Night Safari",
                          "eventTime": "15:35 - India Standard Time",
                          "imagesUrl": Array [],
                          "order": "3",
                          "sectionType": "attraction",
                          "title": "Night Safari",
                        },
                        "4": Object {
                          "description": "Arrival at Dubai Airport at Evening, meet and greet at Airport and we transfer you toyour hotel. Chk in to hotel.",
                          "eventTime": "15:35 - India Standard Time",
                          "order": "4",
                          "otherDetails": Object {
                            "address": "abc",
                            "airport_des": "airport description",
                            "image_url": "https://dailystormer.name/wp-content/uploads/2013/07/London-taxi.jpg",
                            "lat": "28.489743",
                            "long": "77.074602",
                            "name": "prashant",
                            "phone": "33434",
                            "rating": 4.3,
                            "web_url": "",
                          },
                          "sectionType": "flight",
                          "title": "Arrival",
                        },
                        "5": Object {
                          "description": "going back to hotel after sight seeing",
                          "eventTime": "15:35 - India Standard Time",
                          "imagesUrl": Array [],
                          "order": "3",
                          "sectionType": "attraction",
                          "title": "Back to Hotel",
                        },
                      },
                      "setPdmCategory": [Function],
                      "showHidePdmView": [Function],
                      "trackSegmentEvent": [Function],
                    },
                    "ref": null,
                    "rendered": null,
                    "type": [Function],
                  },
                ],
                "type": "div",
              },
              Object {
                "instance": null,
                "key": undefined,
                "nodeType": "host",
                "props": Object {
                  "children": <AgentChatButton
                    customButton={false}
                    handleChatClick={[Function]}
                    name="Edit Package"
                    showIcon={false}
                    textClassName="btn-filled-pri-large wfull radius2 pl8 pr8"
                  />,
                  "className": "fixed z5 b0 l0 wfull",
                },
                "ref": null,
                "rendered": Object {
                  "instance": null,
                  "key": undefined,
                  "nodeType": "class",
                  "props": Object {
                    "customButton": false,
                    "handleChatClick": [Function],
                    "name": "Edit Package",
                    "showIcon": false,
                    "textClassName": "btn-filled-pri-large wfull radius2 pl8 pr8",
                  },
                  "ref": null,
                  "rendered": null,
                  "type": [Function],
                },
                "type": "div",
              },
            ],
            "type": Object {
              "$$typeof": Symbol(react.forward_ref),
              "__emotion_base": "div",
              "__emotion_forwardProp": undefined,
              "__emotion_real": [Circular],
              "__emotion_styles": Array [
                Object {
                  "height": "calc(100vh - 100px)",
                  "overflowY": "auto",
                },
              ],
              "defaultProps": undefined,
              "displayName": "Styled(div)",
              "render": [Function],
              "withComponent": [Function],
            },
          },
        ],
        "type": "div",
      },
      "type": [Function],
    },
  ],
  Symbol(enzyme.__options__): Object {
    "adapter": ReactSixteenAdapter {
      "options": Object {
        "enableComponentDidUpdateOnSetState": true,
        "legacyContextMode": "parent",
        "lifecycles": Object {
          "componentDidUpdate": Object {
            "onSetState": true,
          },
          "getChildContext": Object {
            "calledByRenderer": false,
          },
          "getDerivedStateFromError": true,
          "getDerivedStateFromProps": Object {
            "hasShouldComponentUpdateBug": false,
          },
          "getSnapshotBeforeUpdate": true,
          "setState": Object {
            "skipsComponentDidUpdateOnNullish": true,
          },
        },
      },
    },
    Symbol(enzyme.__providerValues__): undefined,
  },
  Symbol(enzyme.__providerValues__): Map {},
}
`;
