// Jest Snapshot v1, https://goo.gl/fbAQLP

exports[`lead form module should render correctly 1`] = `
ShallowWrapper {
  Symbol(enzyme.__root__): [Circular],
  Symbol(enzyme.__unrendered__): <BudgetWithAirfair
    budgetOptions={
      Object {
        "budget": 5500,
        "deluxe": 6500,
        "min": 5000,
        "standard": 6000,
      }
    }
    callNextSlide={[MockFunction]}
    formValues={
      Object {
        "adult": "2",
        "budget_new": true,
        "child": 0,
        "child_age_answers_attributes": Array [
          Object {
            "customization_id": "7",
            "option_id": "29",
            "user_input": "0",
          },
          Object {
            "customization_id": "7",
            "option_id": "30",
            "user_input": "0",
          },
          Object {
            "customization_id": "7",
            "option_id": "31",
            "user_input": "0",
          },
        ],
        "dont_utilize_budget_new": true,
        "email": null,
        "flight_answer_attributes": Object {
          "customization_id": "23",
          "option_id": "98",
        },
        "hotel_category_answers_attributes": Array [
          Object {
            "customization_id": "2",
            "option_id": "7",
          },
        ],
        "hotel_needed_answer_attributes": Object {
          "customization_id": "22",
          "option_id": "95",
        },
        "isd_code": "+91",
        "other_answers_attributes": Array [
          null,
          Object {
            "customization_id": "24",
            "option_id": "100",
          },
        ],
        "start_date": "2019-07-17",
        "start_date_flexible": false,
        "start_date_noidea": false,
        "syncErrors": Object {
          "email": "Enter valid email id",
        },
        "to_loc": "Kerala",
        "trip_days": "2",
      }
    }
    getSelectedBudget=""
    input={
      Object {
        "name": "budet",
        "onChange": [Function],
        "value": "",
      }
    }
    isFlightSelected={false}
  />,
  Symbol(enzyme.__renderer__): Object {
    "batchedUpdates": [Function],
    "checkPropTypes": [Function],
    "getNode": [Function],
    "render": [Function],
    "simulateError": [Function],
    "simulateEvent": [Function],
    "unmount": [Function],
  },
  Symbol(enzyme.__node__): Object {
    "instance": null,
    "key": undefined,
    "nodeType": "host",
    "props": Object {
      "children": Array [
        <div
          className="p15"
        >
          <div>
            <BudgetOptions
              budgetOptions={
                Object {
                  "budget": 5500,
                  "deluxe": 6500,
                  "min": 5000,
                  "standard": 6000,
                }
              }
              formValues={
                Object {
                  "adult": "2",
                  "budget_new": true,
                  "child": 0,
                  "child_age_answers_attributes": Array [
                    Object {
                      "customization_id": "7",
                      "option_id": "29",
                      "user_input": "0",
                    },
                    Object {
                      "customization_id": "7",
                      "option_id": "30",
                      "user_input": "0",
                    },
                    Object {
                      "customization_id": "7",
                      "option_id": "31",
                      "user_input": "0",
                    },
                  ],
                  "dont_utilize_budget_new": true,
                  "email": null,
                  "flight_answer_attributes": Object {
                    "customization_id": "23",
                    "option_id": "98",
                  },
                  "hotel_category_answers_attributes": Array [
                    Object {
                      "customization_id": "2",
                      "option_id": "7",
                    },
                  ],
                  "hotel_needed_answer_attributes": Object {
                    "customization_id": "22",
                    "option_id": "95",
                  },
                  "isd_code": "+91",
                  "other_answers_attributes": Array [
                    null,
                    Object {
                      "customization_id": "24",
                      "option_id": "100",
                    },
                  ],
                  "start_date": "2019-07-17",
                  "start_date_flexible": false,
                  "start_date_noidea": false,
                  "syncErrors": Object {
                    "email": "Enter valid email id",
                  },
                  "to_loc": "Kerala",
                  "trip_days": "2",
                }
              }
              getSelectedBudget=""
              handleChange={[Function]}
              isFlightSelected={false}
            />
          </div>
          <div
            className="or-divider"
          >
            <span>
              OR
            </span>
          </div>
        </div>,
        <div
          className="p15"
        >
          <BudgetText
            getSelectedBudget=""
            handleChange={[Function]}
            isFlightSelected={false}
            value=""
          />
        </div>,
        <Footer
          goBack={[Function]}
          goBackDisabled={false}
          goForward={[Function]}
          isLastSlide={false}
        />,
      ],
      "className": "row row- form-body",
    },
    "ref": null,
    "rendered": Array [
      Object {
        "instance": null,
        "key": undefined,
        "nodeType": "host",
        "props": Object {
          "children": Array [
            <div>
              <BudgetOptions
                budgetOptions={
                  Object {
                    "budget": 5500,
                    "deluxe": 6500,
                    "min": 5000,
                    "standard": 6000,
                  }
                }
                formValues={
                  Object {
                    "adult": "2",
                    "budget_new": true,
                    "child": 0,
                    "child_age_answers_attributes": Array [
                      Object {
                        "customization_id": "7",
                        "option_id": "29",
                        "user_input": "0",
                      },
                      Object {
                        "customization_id": "7",
                        "option_id": "30",
                        "user_input": "0",
                      },
                      Object {
                        "customization_id": "7",
                        "option_id": "31",
                        "user_input": "0",
                      },
                    ],
                    "dont_utilize_budget_new": true,
                    "email": null,
                    "flight_answer_attributes": Object {
                      "customization_id": "23",
                      "option_id": "98",
                    },
                    "hotel_category_answers_attributes": Array [
                      Object {
                        "customization_id": "2",
                        "option_id": "7",
                      },
                    ],
                    "hotel_needed_answer_attributes": Object {
                      "customization_id": "22",
                      "option_id": "95",
                    },
                    "isd_code": "+91",
                    "other_answers_attributes": Array [
                      null,
                      Object {
                        "customization_id": "24",
                        "option_id": "100",
                      },
                    ],
                    "start_date": "2019-07-17",
                    "start_date_flexible": false,
                    "start_date_noidea": false,
                    "syncErrors": Object {
                      "email": "Enter valid email id",
                    },
                    "to_loc": "Kerala",
                    "trip_days": "2",
                  }
                }
                getSelectedBudget=""
                handleChange={[Function]}
                isFlightSelected={false}
              />
            </div>,
            <div
              className="or-divider"
            >
              <span>
                OR
              </span>
            </div>,
          ],
          "className": "p15",
        },
        "ref": null,
        "rendered": Array [
          Object {
            "instance": null,
            "key": undefined,
            "nodeType": "host",
            "props": Object {
              "children": <BudgetOptions
                budgetOptions={
                  Object {
                    "budget": 5500,
                    "deluxe": 6500,
                    "min": 5000,
                    "standard": 6000,
                  }
                }
                formValues={
                  Object {
                    "adult": "2",
                    "budget_new": true,
                    "child": 0,
                    "child_age_answers_attributes": Array [
                      Object {
                        "customization_id": "7",
                        "option_id": "29",
                        "user_input": "0",
                      },
                      Object {
                        "customization_id": "7",
                        "option_id": "30",
                        "user_input": "0",
                      },
                      Object {
                        "customization_id": "7",
                        "option_id": "31",
                        "user_input": "0",
                      },
                    ],
                    "dont_utilize_budget_new": true,
                    "email": null,
                    "flight_answer_attributes": Object {
                      "customization_id": "23",
                      "option_id": "98",
                    },
                    "hotel_category_answers_attributes": Array [
                      Object {
                        "customization_id": "2",
                        "option_id": "7",
                      },
                    ],
                    "hotel_needed_answer_attributes": Object {
                      "customization_id": "22",
                      "option_id": "95",
                    },
                    "isd_code": "+91",
                    "other_answers_attributes": Array [
                      null,
                      Object {
                        "customization_id": "24",
                        "option_id": "100",
                      },
                    ],
                    "start_date": "2019-07-17",
                    "start_date_flexible": false,
                    "start_date_noidea": false,
                    "syncErrors": Object {
                      "email": "Enter valid email id",
                    },
                    "to_loc": "Kerala",
                    "trip_days": "2",
                  }
                }
                getSelectedBudget=""
                handleChange={[Function]}
                isFlightSelected={false}
              />,
            },
            "ref": null,
            "rendered": Object {
              "instance": null,
              "key": undefined,
              "nodeType": "function",
              "props": Object {
                "budgetOptions": Object {
                  "budget": 5500,
                  "deluxe": 6500,
                  "min": 5000,
                  "standard": 6000,
                },
                "formValues": Object {
                  "adult": "2",
                  "budget_new": true,
                  "child": 0,
                  "child_age_answers_attributes": Array [
                    Object {
                      "customization_id": "7",
                      "option_id": "29",
                      "user_input": "0",
                    },
                    Object {
                      "customization_id": "7",
                      "option_id": "30",
                      "user_input": "0",
                    },
                    Object {
                      "customization_id": "7",
                      "option_id": "31",
                      "user_input": "0",
                    },
                  ],
                  "dont_utilize_budget_new": true,
                  "email": null,
                  "flight_answer_attributes": Object {
                    "customization_id": "23",
                    "option_id": "98",
                  },
                  "hotel_category_answers_attributes": Array [
                    Object {
                      "customization_id": "2",
                      "option_id": "7",
                    },
                  ],
                  "hotel_needed_answer_attributes": Object {
                    "customization_id": "22",
                    "option_id": "95",
                  },
                  "isd_code": "+91",
                  "other_answers_attributes": Array [
                    null,
                    Object {
                      "customization_id": "24",
                      "option_id": "100",
                    },
                  ],
                  "start_date": "2019-07-17",
                  "start_date_flexible": false,
                  "start_date_noidea": false,
                  "syncErrors": Object {
                    "email": "Enter valid email id",
                  },
                  "to_loc": "Kerala",
                  "trip_days": "2",
                },
                "getSelectedBudget": "",
                "handleChange": [Function],
                "isFlightSelected": false,
              },
              "ref": null,
              "rendered": null,
              "type": [Function],
            },
            "type": "div",
          },
          Object {
            "instance": null,
            "key": undefined,
            "nodeType": "host",
            "props": Object {
              "children": <span>
                OR
              </span>,
              "className": "or-divider",
            },
            "ref": null,
            "rendered": Object {
              "instance": null,
              "key": undefined,
              "nodeType": "host",
              "props": Object {
                "children": "OR",
              },
              "ref": null,
              "rendered": "OR",
              "type": "span",
            },
            "type": "div",
          },
        ],
        "type": "div",
      },
      Object {
        "instance": null,
        "key": undefined,
        "nodeType": "host",
        "props": Object {
          "children": <BudgetText
            getSelectedBudget=""
            handleChange={[Function]}
            isFlightSelected={false}
            value=""
          />,
          "className": "p15",
        },
        "ref": null,
        "rendered": Object {
          "instance": null,
          "key": undefined,
          "nodeType": "function",
          "props": Object {
            "getSelectedBudget": "",
            "handleChange": [Function],
            "isFlightSelected": false,
            "value": "",
          },
          "ref": null,
          "rendered": null,
          "type": [Function],
        },
        "type": "div",
      },
      Object {
        "instance": null,
        "key": undefined,
        "nodeType": "function",
        "props": Object {
          "goBack": [Function],
          "goBackDisabled": false,
          "goForward": [Function],
          "isLastSlide": false,
        },
        "ref": null,
        "rendered": null,
        "type": [Function],
      },
    ],
    "type": "div",
  },
  Symbol(enzyme.__nodes__): Array [
    Object {
      "instance": null,
      "key": undefined,
      "nodeType": "host",
      "props": Object {
        "children": Array [
          <div
            className="p15"
          >
            <div>
              <BudgetOptions
                budgetOptions={
                  Object {
                    "budget": 5500,
                    "deluxe": 6500,
                    "min": 5000,
                    "standard": 6000,
                  }
                }
                formValues={
                  Object {
                    "adult": "2",
                    "budget_new": true,
                    "child": 0,
                    "child_age_answers_attributes": Array [
                      Object {
                        "customization_id": "7",
                        "option_id": "29",
                        "user_input": "0",
                      },
                      Object {
                        "customization_id": "7",
                        "option_id": "30",
                        "user_input": "0",
                      },
                      Object {
                        "customization_id": "7",
                        "option_id": "31",
                        "user_input": "0",
                      },
                    ],
                    "dont_utilize_budget_new": true,
                    "email": null,
                    "flight_answer_attributes": Object {
                      "customization_id": "23",
                      "option_id": "98",
                    },
                    "hotel_category_answers_attributes": Array [
                      Object {
                        "customization_id": "2",
                        "option_id": "7",
                      },
                    ],
                    "hotel_needed_answer_attributes": Object {
                      "customization_id": "22",
                      "option_id": "95",
                    },
                    "isd_code": "+91",
                    "other_answers_attributes": Array [
                      null,
                      Object {
                        "customization_id": "24",
                        "option_id": "100",
                      },
                    ],
                    "start_date": "2019-07-17",
                    "start_date_flexible": false,
                    "start_date_noidea": false,
                    "syncErrors": Object {
                      "email": "Enter valid email id",
                    },
                    "to_loc": "Kerala",
                    "trip_days": "2",
                  }
                }
                getSelectedBudget=""
                handleChange={[Function]}
                isFlightSelected={false}
              />
            </div>
            <div
              className="or-divider"
            >
              <span>
                OR
              </span>
            </div>
          </div>,
          <div
            className="p15"
          >
            <BudgetText
              getSelectedBudget=""
              handleChange={[Function]}
              isFlightSelected={false}
              value=""
            />
          </div>,
          <Footer
            goBack={[Function]}
            goBackDisabled={false}
            goForward={[Function]}
            isLastSlide={false}
          />,
        ],
        "className": "row row- form-body",
      },
      "ref": null,
      "rendered": Array [
        Object {
          "instance": null,
          "key": undefined,
          "nodeType": "host",
          "props": Object {
            "children": Array [
              <div>
                <BudgetOptions
                  budgetOptions={
                    Object {
                      "budget": 5500,
                      "deluxe": 6500,
                      "min": 5000,
                      "standard": 6000,
                    }
                  }
                  formValues={
                    Object {
                      "adult": "2",
                      "budget_new": true,
                      "child": 0,
                      "child_age_answers_attributes": Array [
                        Object {
                          "customization_id": "7",
                          "option_id": "29",
                          "user_input": "0",
                        },
                        Object {
                          "customization_id": "7",
                          "option_id": "30",
                          "user_input": "0",
                        },
                        Object {
                          "customization_id": "7",
                          "option_id": "31",
                          "user_input": "0",
                        },
                      ],
                      "dont_utilize_budget_new": true,
                      "email": null,
                      "flight_answer_attributes": Object {
                        "customization_id": "23",
                        "option_id": "98",
                      },
                      "hotel_category_answers_attributes": Array [
                        Object {
                          "customization_id": "2",
                          "option_id": "7",
                        },
                      ],
                      "hotel_needed_answer_attributes": Object {
                        "customization_id": "22",
                        "option_id": "95",
                      },
                      "isd_code": "+91",
                      "other_answers_attributes": Array [
                        null,
                        Object {
                          "customization_id": "24",
                          "option_id": "100",
                        },
                      ],
                      "start_date": "2019-07-17",
                      "start_date_flexible": false,
                      "start_date_noidea": false,
                      "syncErrors": Object {
                        "email": "Enter valid email id",
                      },
                      "to_loc": "Kerala",
                      "trip_days": "2",
                    }
                  }
                  getSelectedBudget=""
                  handleChange={[Function]}
                  isFlightSelected={false}
                />
              </div>,
              <div
                className="or-divider"
              >
                <span>
                  OR
                </span>
              </div>,
            ],
            "className": "p15",
          },
          "ref": null,
          "rendered": Array [
            Object {
              "instance": null,
              "key": undefined,
              "nodeType": "host",
              "props": Object {
                "children": <BudgetOptions
                  budgetOptions={
                    Object {
                      "budget": 5500,
                      "deluxe": 6500,
                      "min": 5000,
                      "standard": 6000,
                    }
                  }
                  formValues={
                    Object {
                      "adult": "2",
                      "budget_new": true,
                      "child": 0,
                      "child_age_answers_attributes": Array [
                        Object {
                          "customization_id": "7",
                          "option_id": "29",
                          "user_input": "0",
                        },
                        Object {
                          "customization_id": "7",
                          "option_id": "30",
                          "user_input": "0",
                        },
                        Object {
                          "customization_id": "7",
                          "option_id": "31",
                          "user_input": "0",
                        },
                      ],
                      "dont_utilize_budget_new": true,
                      "email": null,
                      "flight_answer_attributes": Object {
                        "customization_id": "23",
                        "option_id": "98",
                      },
                      "hotel_category_answers_attributes": Array [
                        Object {
                          "customization_id": "2",
                          "option_id": "7",
                        },
                      ],
                      "hotel_needed_answer_attributes": Object {
                        "customization_id": "22",
                        "option_id": "95",
                      },
                      "isd_code": "+91",
                      "other_answers_attributes": Array [
                        null,
                        Object {
                          "customization_id": "24",
                          "option_id": "100",
                        },
                      ],
                      "start_date": "2019-07-17",
                      "start_date_flexible": false,
                      "start_date_noidea": false,
                      "syncErrors": Object {
                        "email": "Enter valid email id",
                      },
                      "to_loc": "Kerala",
                      "trip_days": "2",
                    }
                  }
                  getSelectedBudget=""
                  handleChange={[Function]}
                  isFlightSelected={false}
                />,
              },
              "ref": null,
              "rendered": Object {
                "instance": null,
                "key": undefined,
                "nodeType": "function",
                "props": Object {
                  "budgetOptions": Object {
                    "budget": 5500,
                    "deluxe": 6500,
                    "min": 5000,
                    "standard": 6000,
                  },
                  "formValues": Object {
                    "adult": "2",
                    "budget_new": true,
                    "child": 0,
                    "child_age_answers_attributes": Array [
                      Object {
                        "customization_id": "7",
                        "option_id": "29",
                        "user_input": "0",
                      },
                      Object {
                        "customization_id": "7",
                        "option_id": "30",
                        "user_input": "0",
                      },
                      Object {
                        "customization_id": "7",
                        "option_id": "31",
                        "user_input": "0",
                      },
                    ],
                    "dont_utilize_budget_new": true,
                    "email": null,
                    "flight_answer_attributes": Object {
                      "customization_id": "23",
                      "option_id": "98",
                    },
                    "hotel_category_answers_attributes": Array [
                      Object {
                        "customization_id": "2",
                        "option_id": "7",
                      },
                    ],
                    "hotel_needed_answer_attributes": Object {
                      "customization_id": "22",
                      "option_id": "95",
                    },
                    "isd_code": "+91",
                    "other_answers_attributes": Array [
                      null,
                      Object {
                        "customization_id": "24",
                        "option_id": "100",
                      },
                    ],
                    "start_date": "2019-07-17",
                    "start_date_flexible": false,
                    "start_date_noidea": false,
                    "syncErrors": Object {
                      "email": "Enter valid email id",
                    },
                    "to_loc": "Kerala",
                    "trip_days": "2",
                  },
                  "getSelectedBudget": "",
                  "handleChange": [Function],
                  "isFlightSelected": false,
                },
                "ref": null,
                "rendered": null,
                "type": [Function],
              },
              "type": "div",
            },
            Object {
              "instance": null,
              "key": undefined,
              "nodeType": "host",
              "props": Object {
                "children": <span>
                  OR
                </span>,
                "className": "or-divider",
              },
              "ref": null,
              "rendered": Object {
                "instance": null,
                "key": undefined,
                "nodeType": "host",
                "props": Object {
                  "children": "OR",
                },
                "ref": null,
                "rendered": "OR",
                "type": "span",
              },
              "type": "div",
            },
          ],
          "type": "div",
        },
        Object {
          "instance": null,
          "key": undefined,
          "nodeType": "host",
          "props": Object {
            "children": <BudgetText
              getSelectedBudget=""
              handleChange={[Function]}
              isFlightSelected={false}
              value=""
            />,
            "className": "p15",
          },
          "ref": null,
          "rendered": Object {
            "instance": null,
            "key": undefined,
            "nodeType": "function",
            "props": Object {
              "getSelectedBudget": "",
              "handleChange": [Function],
              "isFlightSelected": false,
              "value": "",
            },
            "ref": null,
            "rendered": null,
            "type": [Function],
          },
          "type": "div",
        },
        Object {
          "instance": null,
          "key": undefined,
          "nodeType": "function",
          "props": Object {
            "goBack": [Function],
            "goBackDisabled": false,
            "goForward": [Function],
            "isLastSlide": false,
          },
          "ref": null,
          "rendered": null,
          "type": [Function],
        },
      ],
      "type": "div",
    },
  ],
  Symbol(enzyme.__options__): Object {
    "adapter": ReactSixteenAdapter {
      "options": Object {
        "enableComponentDidUpdateOnSetState": true,
        "legacyContextMode": "parent",
        "lifecycles": Object {
          "componentDidUpdate": Object {
            "onSetState": true,
          },
          "getChildContext": Object {
            "calledByRenderer": false,
          },
          "getDerivedStateFromError": true,
          "getDerivedStateFromProps": Object {
            "hasShouldComponentUpdateBug": false,
          },
          "getSnapshotBeforeUpdate": true,
          "setState": Object {
            "skipsComponentDidUpdateOnNullish": true,
          },
        },
      },
    },
    Symbol(enzyme.__providerValues__): undefined,
  },
  Symbol(enzyme.__providerValues__): Map {},
  Symbol(enzyme.__childContext__): null,
}
`;
