// Jest Snapshot v1, https://goo.gl/fbAQLP

exports[`Testimonials module should render correctly 1`] = `
ShallowWrapper {
  Symbol(enzyme.__root__): [Circular],
  Symbol(enzyme.__unrendered__): <RatingBar
    reviewNumbers={
      Object {
        "bad": 73,
        "excellent": 2193,
        "good": 809,
        "poor": 866,
        "veryGood": 2170,
      }
    }
    totalReviews={5430}
  />,
  Symbol(enzyme.__renderer__): Object {
    "batchedUpdates": [Function],
    "checkPropTypes": [Function],
    "getNode": [Function],
    "render": [Function],
    "simulateError": [Function],
    "simulateEvent": [Function],
    "unmount": [Function],
  },
  Symbol(enzyme.__node__): Object {
    "instance": null,
    "key": undefined,
    "nodeType": "host",
    "props": Object {
      "children": Array [
        <div>
          <ForwardRef(render)
            className="clearfix mb8 flex alignCenter spaceBetween"
          >
            <ForwardRef(render)
              className="m0 f14"
            >
              bad
            </ForwardRef(render)>
            <ForwardRef(render)
              className="pbc4 ml15 mr15 relative"
            >
              <div
                className="actualRatings absolute l0 t0 b0 pbc1"
                style={
                  Object {
                    "width": "1.3443830570902393%",
                  }
                }
              />
            </ForwardRef(render)>
            <ForwardRef(render)
              className="m0 f14"
            >
              73
            </ForwardRef(render)>
          </ForwardRef(render)>
        </div>,
        <div>
          <ForwardRef(render)
            className="clearfix mb8 flex alignCenter spaceBetween"
          >
            <ForwardRef(render)
              className="m0 f14"
            >
              poor
            </ForwardRef(render)>
            <ForwardRef(render)
              className="pbc4 ml15 mr15 relative"
            >
              <div
                className="actualRatings absolute l0 t0 b0 pbc1"
                style={
                  Object {
                    "width": "15.948434622467772%",
                  }
                }
              />
            </ForwardRef(render)>
            <ForwardRef(render)
              className="m0 f14"
            >
              866
            </ForwardRef(render)>
          </ForwardRef(render)>
        </div>,
        <div>
          <ForwardRef(render)
            className="clearfix mb8 flex alignCenter spaceBetween"
          >
            <ForwardRef(render)
              className="m0 f14"
            >
              good
            </ForwardRef(render)>
            <ForwardRef(render)
              className="pbc4 ml15 mr15 relative"
            >
              <div
                className="actualRatings absolute l0 t0 b0 pbc1"
                style={
                  Object {
                    "width": "14.898710865561696%",
                  }
                }
              />
            </ForwardRef(render)>
            <ForwardRef(render)
              className="m0 f14"
            >
              809
            </ForwardRef(render)>
          </ForwardRef(render)>
        </div>,
        <div>
          <ForwardRef(render)
            className="clearfix mb8 flex alignCenter spaceBetween"
          >
            <ForwardRef(render)
              className="m0 f14"
            >
              veryGood
            </ForwardRef(render)>
            <ForwardRef(render)
              className="pbc4 ml15 mr15 relative"
            >
              <div
                className="actualRatings absolute l0 t0 b0 pbc1"
                style={
                  Object {
                    "width": "39.963167587476974%",
                  }
                }
              />
            </ForwardRef(render)>
            <ForwardRef(render)
              className="m0 f14"
            >
              2170
            </ForwardRef(render)>
          </ForwardRef(render)>
        </div>,
        <div>
          <ForwardRef(render)
            className="clearfix mb8 flex alignCenter spaceBetween"
          >
            <ForwardRef(render)
              className="m0 f14"
            >
              excellent
            </ForwardRef(render)>
            <ForwardRef(render)
              className="pbc4 ml15 mr15 relative"
            >
              <div
                className="actualRatings absolute l0 t0 b0 pbc1"
                style={
                  Object {
                    "width": "40.38674033149171%",
                  }
                }
              />
            </ForwardRef(render)>
            <ForwardRef(render)
              className="m0 f14"
            >
              2193
            </ForwardRef(render)>
          </ForwardRef(render)>
        </div>,
      ],
      "className": "bannerDataReviews sbcw",
    },
    "ref": null,
    "rendered": Array [
      Object {
        "instance": null,
        "key": "0",
        "nodeType": "host",
        "props": Object {
          "children": <ForwardRef(render)
            className="clearfix mb8 flex alignCenter spaceBetween"
          >
            <ForwardRef(render)
              className="m0 f14"
            >
              bad
            </ForwardRef(render)>
            <ForwardRef(render)
              className="pbc4 ml15 mr15 relative"
            >
              <div
                className="actualRatings absolute l0 t0 b0 pbc1"
                style={
                  Object {
                    "width": "1.3443830570902393%",
                  }
                }
              />
            </ForwardRef(render)>
            <ForwardRef(render)
              className="m0 f14"
            >
              73
            </ForwardRef(render)>
          </ForwardRef(render)>,
        },
        "ref": null,
        "rendered": Object {
          "instance": null,
          "key": undefined,
          "nodeType": "function",
          "props": Object {
            "children": Array [
              <ForwardRef(render)
                className="m0 f14"
              >
                bad
              </ForwardRef(render)>,
              <ForwardRef(render)
                className="pbc4 ml15 mr15 relative"
              >
                <div
                  className="actualRatings absolute l0 t0 b0 pbc1"
                  style={
                    Object {
                      "width": "1.3443830570902393%",
                    }
                  }
                />
              </ForwardRef(render)>,
              <ForwardRef(render)
                className="m0 f14"
              >
                73
              </ForwardRef(render)>,
            ],
            "className": "clearfix mb8 flex alignCenter spaceBetween",
          },
          "ref": null,
          "rendered": Array [
            Object {
              "instance": null,
              "key": undefined,
              "nodeType": "function",
              "props": Object {
                "children": "bad",
                "className": "m0 f14",
              },
              "ref": null,
              "rendered": "bad",
              "type": Object {
                "$$typeof": Symbol(react.forward_ref),
                "__emotion_base": "p",
                "__emotion_forwardProp": undefined,
                "__emotion_real": [Circular],
                "__emotion_styles": Array [
                  Object {
                    "width": "115px",
                  },
                ],
                "defaultProps": undefined,
                "displayName": "Styled(p)",
                "render": [Function],
                "withComponent": [Function],
              },
            },
            Object {
              "instance": null,
              "key": undefined,
              "nodeType": "function",
              "props": Object {
                "children": <div
                  className="actualRatings absolute l0 t0 b0 pbc1"
                  style={
                    Object {
                      "width": "1.3443830570902393%",
                    }
                  }
                />,
                "className": "pbc4 ml15 mr15 relative",
              },
              "ref": null,
              "rendered": Object {
                "instance": null,
                "key": undefined,
                "nodeType": "host",
                "props": Object {
                  "className": "actualRatings absolute l0 t0 b0 pbc1",
                  "style": Object {
                    "width": "1.3443830570902393%",
                  },
                },
                "ref": null,
                "rendered": null,
                "type": "div",
              },
              "type": Object {
                "$$typeof": Symbol(react.forward_ref),
                "__emotion_base": "div",
                "__emotion_forwardProp": undefined,
                "__emotion_real": [Circular],
                "__emotion_styles": Array [
                  Object {
                    "& .actualRatings": Object {
                      "height": "4px",
                      "width": "auto",
                    },
                    "height": "4px",
                    "width": "192px",
                  },
                ],
                "defaultProps": undefined,
                "displayName": "Styled(div)",
                "render": [Function],
                "withComponent": [Function],
              },
            },
            Object {
              "instance": null,
              "key": undefined,
              "nodeType": "function",
              "props": Object {
                "children": 73,
                "className": "m0 f14",
              },
              "ref": null,
              "rendered": 73,
              "type": Object {
                "$$typeof": Symbol(react.forward_ref),
                "__emotion_base": "p",
                "__emotion_forwardProp": undefined,
                "__emotion_real": [Circular],
                "__emotion_styles": Array [
                  Object {
                    "width": "80px",
                  },
                ],
                "defaultProps": undefined,
                "displayName": "Styled(p)",
                "render": [Function],
                "withComponent": [Function],
              },
            },
          ],
          "type": Object {
            "$$typeof": Symbol(react.forward_ref),
            "__emotion_base": "div",
            "__emotion_forwardProp": undefined,
            "__emotion_real": [Circular],
            "__emotion_styles": Array [
              Object {
                "&:last-child": Object {
                  "marginBottom": "0",
                },
                "marginBottom": "4px",
              },
            ],
            "defaultProps": undefined,
            "displayName": "Styled(div)",
            "render": [Function],
            "withComponent": [Function],
          },
        },
        "type": "div",
      },
      Object {
        "instance": null,
        "key": "1",
        "nodeType": "host",
        "props": Object {
          "children": <ForwardRef(render)
            className="clearfix mb8 flex alignCenter spaceBetween"
          >
            <ForwardRef(render)
              className="m0 f14"
            >
              poor
            </ForwardRef(render)>
            <ForwardRef(render)
              className="pbc4 ml15 mr15 relative"
            >
              <div
                className="actualRatings absolute l0 t0 b0 pbc1"
                style={
                  Object {
                    "width": "15.948434622467772%",
                  }
                }
              />
            </ForwardRef(render)>
            <ForwardRef(render)
              className="m0 f14"
            >
              866
            </ForwardRef(render)>
          </ForwardRef(render)>,
        },
        "ref": null,
        "rendered": Object {
          "instance": null,
          "key": undefined,
          "nodeType": "function",
          "props": Object {
            "children": Array [
              <ForwardRef(render)
                className="m0 f14"
              >
                poor
              </ForwardRef(render)>,
              <ForwardRef(render)
                className="pbc4 ml15 mr15 relative"
              >
                <div
                  className="actualRatings absolute l0 t0 b0 pbc1"
                  style={
                    Object {
                      "width": "15.948434622467772%",
                    }
                  }
                />
              </ForwardRef(render)>,
              <ForwardRef(render)
                className="m0 f14"
              >
                866
              </ForwardRef(render)>,
            ],
            "className": "clearfix mb8 flex alignCenter spaceBetween",
          },
          "ref": null,
          "rendered": Array [
            Object {
              "instance": null,
              "key": undefined,
              "nodeType": "function",
              "props": Object {
                "children": "poor",
                "className": "m0 f14",
              },
              "ref": null,
              "rendered": "poor",
              "type": Object {
                "$$typeof": Symbol(react.forward_ref),
                "__emotion_base": "p",
                "__emotion_forwardProp": undefined,
                "__emotion_real": [Circular],
                "__emotion_styles": Array [
                  Object {
                    "width": "115px",
                  },
                ],
                "defaultProps": undefined,
                "displayName": "Styled(p)",
                "render": [Function],
                "withComponent": [Function],
              },
            },
            Object {
              "instance": null,
              "key": undefined,
              "nodeType": "function",
              "props": Object {
                "children": <div
                  className="actualRatings absolute l0 t0 b0 pbc1"
                  style={
                    Object {
                      "width": "15.948434622467772%",
                    }
                  }
                />,
                "className": "pbc4 ml15 mr15 relative",
              },
              "ref": null,
              "rendered": Object {
                "instance": null,
                "key": undefined,
                "nodeType": "host",
                "props": Object {
                  "className": "actualRatings absolute l0 t0 b0 pbc1",
                  "style": Object {
                    "width": "15.948434622467772%",
                  },
                },
                "ref": null,
                "rendered": null,
                "type": "div",
              },
              "type": Object {
                "$$typeof": Symbol(react.forward_ref),
                "__emotion_base": "div",
                "__emotion_forwardProp": undefined,
                "__emotion_real": [Circular],
                "__emotion_styles": Array [
                  Object {
                    "& .actualRatings": Object {
                      "height": "4px",
                      "width": "auto",
                    },
                    "height": "4px",
                    "width": "192px",
                  },
                ],
                "defaultProps": undefined,
                "displayName": "Styled(div)",
                "render": [Function],
                "withComponent": [Function],
              },
            },
            Object {
              "instance": null,
              "key": undefined,
              "nodeType": "function",
              "props": Object {
                "children": 866,
                "className": "m0 f14",
              },
              "ref": null,
              "rendered": 866,
              "type": Object {
                "$$typeof": Symbol(react.forward_ref),
                "__emotion_base": "p",
                "__emotion_forwardProp": undefined,
                "__emotion_real": [Circular],
                "__emotion_styles": Array [
                  Object {
                    "width": "80px",
                  },
                ],
                "defaultProps": undefined,
                "displayName": "Styled(p)",
                "render": [Function],
                "withComponent": [Function],
              },
            },
          ],
          "type": Object {
            "$$typeof": Symbol(react.forward_ref),
            "__emotion_base": "div",
            "__emotion_forwardProp": undefined,
            "__emotion_real": [Circular],
            "__emotion_styles": Array [
              Object {
                "&:last-child": Object {
                  "marginBottom": "0",
                },
                "marginBottom": "4px",
              },
            ],
            "defaultProps": undefined,
            "displayName": "Styled(div)",
            "render": [Function],
            "withComponent": [Function],
          },
        },
        "type": "div",
      },
      Object {
        "instance": null,
        "key": "2",
        "nodeType": "host",
        "props": Object {
          "children": <ForwardRef(render)
            className="clearfix mb8 flex alignCenter spaceBetween"
          >
            <ForwardRef(render)
              className="m0 f14"
            >
              good
            </ForwardRef(render)>
            <ForwardRef(render)
              className="pbc4 ml15 mr15 relative"
            >
              <div
                className="actualRatings absolute l0 t0 b0 pbc1"
                style={
                  Object {
                    "width": "14.898710865561696%",
                  }
                }
              />
            </ForwardRef(render)>
            <ForwardRef(render)
              className="m0 f14"
            >
              809
            </ForwardRef(render)>
          </ForwardRef(render)>,
        },
        "ref": null,
        "rendered": Object {
          "instance": null,
          "key": undefined,
          "nodeType": "function",
          "props": Object {
            "children": Array [
              <ForwardRef(render)
                className="m0 f14"
              >
                good
              </ForwardRef(render)>,
              <ForwardRef(render)
                className="pbc4 ml15 mr15 relative"
              >
                <div
                  className="actualRatings absolute l0 t0 b0 pbc1"
                  style={
                    Object {
                      "width": "14.898710865561696%",
                    }
                  }
                />
              </ForwardRef(render)>,
              <ForwardRef(render)
                className="m0 f14"
              >
                809
              </ForwardRef(render)>,
            ],
            "className": "clearfix mb8 flex alignCenter spaceBetween",
          },
          "ref": null,
          "rendered": Array [
            Object {
              "instance": null,
              "key": undefined,
              "nodeType": "function",
              "props": Object {
                "children": "good",
                "className": "m0 f14",
              },
              "ref": null,
              "rendered": "good",
              "type": Object {
                "$$typeof": Symbol(react.forward_ref),
                "__emotion_base": "p",
                "__emotion_forwardProp": undefined,
                "__emotion_real": [Circular],
                "__emotion_styles": Array [
                  Object {
                    "width": "115px",
                  },
                ],
                "defaultProps": undefined,
                "displayName": "Styled(p)",
                "render": [Function],
                "withComponent": [Function],
              },
            },
            Object {
              "instance": null,
              "key": undefined,
              "nodeType": "function",
              "props": Object {
                "children": <div
                  className="actualRatings absolute l0 t0 b0 pbc1"
                  style={
                    Object {
                      "width": "14.898710865561696%",
                    }
                  }
                />,
                "className": "pbc4 ml15 mr15 relative",
              },
              "ref": null,
              "rendered": Object {
                "instance": null,
                "key": undefined,
                "nodeType": "host",
                "props": Object {
                  "className": "actualRatings absolute l0 t0 b0 pbc1",
                  "style": Object {
                    "width": "14.898710865561696%",
                  },
                },
                "ref": null,
                "rendered": null,
                "type": "div",
              },
              "type": Object {
                "$$typeof": Symbol(react.forward_ref),
                "__emotion_base": "div",
                "__emotion_forwardProp": undefined,
                "__emotion_real": [Circular],
                "__emotion_styles": Array [
                  Object {
                    "& .actualRatings": Object {
                      "height": "4px",
                      "width": "auto",
                    },
                    "height": "4px",
                    "width": "192px",
                  },
                ],
                "defaultProps": undefined,
                "displayName": "Styled(div)",
                "render": [Function],
                "withComponent": [Function],
              },
            },
            Object {
              "instance": null,
              "key": undefined,
              "nodeType": "function",
              "props": Object {
                "children": 809,
                "className": "m0 f14",
              },
              "ref": null,
              "rendered": 809,
              "type": Object {
                "$$typeof": Symbol(react.forward_ref),
                "__emotion_base": "p",
                "__emotion_forwardProp": undefined,
                "__emotion_real": [Circular],
                "__emotion_styles": Array [
                  Object {
                    "width": "80px",
                  },
                ],
                "defaultProps": undefined,
                "displayName": "Styled(p)",
                "render": [Function],
                "withComponent": [Function],
              },
            },
          ],
          "type": Object {
            "$$typeof": Symbol(react.forward_ref),
            "__emotion_base": "div",
            "__emotion_forwardProp": undefined,
            "__emotion_real": [Circular],
            "__emotion_styles": Array [
              Object {
                "&:last-child": Object {
                  "marginBottom": "0",
                },
                "marginBottom": "4px",
              },
            ],
            "defaultProps": undefined,
            "displayName": "Styled(div)",
            "render": [Function],
            "withComponent": [Function],
          },
        },
        "type": "div",
      },
      Object {
        "instance": null,
        "key": "3",
        "nodeType": "host",
        "props": Object {
          "children": <ForwardRef(render)
            className="clearfix mb8 flex alignCenter spaceBetween"
          >
            <ForwardRef(render)
              className="m0 f14"
            >
              veryGood
            </ForwardRef(render)>
            <ForwardRef(render)
              className="pbc4 ml15 mr15 relative"
            >
              <div
                className="actualRatings absolute l0 t0 b0 pbc1"
                style={
                  Object {
                    "width": "39.963167587476974%",
                  }
                }
              />
            </ForwardRef(render)>
            <ForwardRef(render)
              className="m0 f14"
            >
              2170
            </ForwardRef(render)>
          </ForwardRef(render)>,
        },
        "ref": null,
        "rendered": Object {
          "instance": null,
          "key": undefined,
          "nodeType": "function",
          "props": Object {
            "children": Array [
              <ForwardRef(render)
                className="m0 f14"
              >
                veryGood
              </ForwardRef(render)>,
              <ForwardRef(render)
                className="pbc4 ml15 mr15 relative"
              >
                <div
                  className="actualRatings absolute l0 t0 b0 pbc1"
                  style={
                    Object {
                      "width": "39.963167587476974%",
                    }
                  }
                />
              </ForwardRef(render)>,
              <ForwardRef(render)
                className="m0 f14"
              >
                2170
              </ForwardRef(render)>,
            ],
            "className": "clearfix mb8 flex alignCenter spaceBetween",
          },
          "ref": null,
          "rendered": Array [
            Object {
              "instance": null,
              "key": undefined,
              "nodeType": "function",
              "props": Object {
                "children": "veryGood",
                "className": "m0 f14",
              },
              "ref": null,
              "rendered": "veryGood",
              "type": Object {
                "$$typeof": Symbol(react.forward_ref),
                "__emotion_base": "p",
                "__emotion_forwardProp": undefined,
                "__emotion_real": [Circular],
                "__emotion_styles": Array [
                  Object {
                    "width": "115px",
                  },
                ],
                "defaultProps": undefined,
                "displayName": "Styled(p)",
                "render": [Function],
                "withComponent": [Function],
              },
            },
            Object {
              "instance": null,
              "key": undefined,
              "nodeType": "function",
              "props": Object {
                "children": <div
                  className="actualRatings absolute l0 t0 b0 pbc1"
                  style={
                    Object {
                      "width": "39.963167587476974%",
                    }
                  }
                />,
                "className": "pbc4 ml15 mr15 relative",
              },
              "ref": null,
              "rendered": Object {
                "instance": null,
                "key": undefined,
                "nodeType": "host",
                "props": Object {
                  "className": "actualRatings absolute l0 t0 b0 pbc1",
                  "style": Object {
                    "width": "39.963167587476974%",
                  },
                },
                "ref": null,
                "rendered": null,
                "type": "div",
              },
              "type": Object {
                "$$typeof": Symbol(react.forward_ref),
                "__emotion_base": "div",
                "__emotion_forwardProp": undefined,
                "__emotion_real": [Circular],
                "__emotion_styles": Array [
                  Object {
                    "& .actualRatings": Object {
                      "height": "4px",
                      "width": "auto",
                    },
                    "height": "4px",
                    "width": "192px",
                  },
                ],
                "defaultProps": undefined,
                "displayName": "Styled(div)",
                "render": [Function],
                "withComponent": [Function],
              },
            },
            Object {
              "instance": null,
              "key": undefined,
              "nodeType": "function",
              "props": Object {
                "children": 2170,
                "className": "m0 f14",
              },
              "ref": null,
              "rendered": 2170,
              "type": Object {
                "$$typeof": Symbol(react.forward_ref),
                "__emotion_base": "p",
                "__emotion_forwardProp": undefined,
                "__emotion_real": [Circular],
                "__emotion_styles": Array [
                  Object {
                    "width": "80px",
                  },
                ],
                "defaultProps": undefined,
                "displayName": "Styled(p)",
                "render": [Function],
                "withComponent": [Function],
              },
            },
          ],
          "type": Object {
            "$$typeof": Symbol(react.forward_ref),
            "__emotion_base": "div",
            "__emotion_forwardProp": undefined,
            "__emotion_real": [Circular],
            "__emotion_styles": Array [
              Object {
                "&:last-child": Object {
                  "marginBottom": "0",
                },
                "marginBottom": "4px",
              },
            ],
            "defaultProps": undefined,
            "displayName": "Styled(div)",
            "render": [Function],
            "withComponent": [Function],
          },
        },
        "type": "div",
      },
      Object {
        "instance": null,
        "key": "4",
        "nodeType": "host",
        "props": Object {
          "children": <ForwardRef(render)
            className="clearfix mb8 flex alignCenter spaceBetween"
          >
            <ForwardRef(render)
              className="m0 f14"
            >
              excellent
            </ForwardRef(render)>
            <ForwardRef(render)
              className="pbc4 ml15 mr15 relative"
            >
              <div
                className="actualRatings absolute l0 t0 b0 pbc1"
                style={
                  Object {
                    "width": "40.38674033149171%",
                  }
                }
              />
            </ForwardRef(render)>
            <ForwardRef(render)
              className="m0 f14"
            >
              2193
            </ForwardRef(render)>
          </ForwardRef(render)>,
        },
        "ref": null,
        "rendered": Object {
          "instance": null,
          "key": undefined,
          "nodeType": "function",
          "props": Object {
            "children": Array [
              <ForwardRef(render)
                className="m0 f14"
              >
                excellent
              </ForwardRef(render)>,
              <ForwardRef(render)
                className="pbc4 ml15 mr15 relative"
              >
                <div
                  className="actualRatings absolute l0 t0 b0 pbc1"
                  style={
                    Object {
                      "width": "40.38674033149171%",
                    }
                  }
                />
              </ForwardRef(render)>,
              <ForwardRef(render)
                className="m0 f14"
              >
                2193
              </ForwardRef(render)>,
            ],
            "className": "clearfix mb8 flex alignCenter spaceBetween",
          },
          "ref": null,
          "rendered": Array [
            Object {
              "instance": null,
              "key": undefined,
              "nodeType": "function",
              "props": Object {
                "children": "excellent",
                "className": "m0 f14",
              },
              "ref": null,
              "rendered": "excellent",
              "type": Object {
                "$$typeof": Symbol(react.forward_ref),
                "__emotion_base": "p",
                "__emotion_forwardProp": undefined,
                "__emotion_real": [Circular],
                "__emotion_styles": Array [
                  Object {
                    "width": "115px",
                  },
                ],
                "defaultProps": undefined,
                "displayName": "Styled(p)",
                "render": [Function],
                "withComponent": [Function],
              },
            },
            Object {
              "instance": null,
              "key": undefined,
              "nodeType": "function",
              "props": Object {
                "children": <div
                  className="actualRatings absolute l0 t0 b0 pbc1"
                  style={
                    Object {
                      "width": "40.38674033149171%",
                    }
                  }
                />,
                "className": "pbc4 ml15 mr15 relative",
              },
              "ref": null,
              "rendered": Object {
                "instance": null,
                "key": undefined,
                "nodeType": "host",
                "props": Object {
                  "className": "actualRatings absolute l0 t0 b0 pbc1",
                  "style": Object {
                    "width": "40.38674033149171%",
                  },
                },
                "ref": null,
                "rendered": null,
                "type": "div",
              },
              "type": Object {
                "$$typeof": Symbol(react.forward_ref),
                "__emotion_base": "div",
                "__emotion_forwardProp": undefined,
                "__emotion_real": [Circular],
                "__emotion_styles": Array [
                  Object {
                    "& .actualRatings": Object {
                      "height": "4px",
                      "width": "auto",
                    },
                    "height": "4px",
                    "width": "192px",
                  },
                ],
                "defaultProps": undefined,
                "displayName": "Styled(div)",
                "render": [Function],
                "withComponent": [Function],
              },
            },
            Object {
              "instance": null,
              "key": undefined,
              "nodeType": "function",
              "props": Object {
                "children": 2193,
                "className": "m0 f14",
              },
              "ref": null,
              "rendered": 2193,
              "type": Object {
                "$$typeof": Symbol(react.forward_ref),
                "__emotion_base": "p",
                "__emotion_forwardProp": undefined,
                "__emotion_real": [Circular],
                "__emotion_styles": Array [
                  Object {
                    "width": "80px",
                  },
                ],
                "defaultProps": undefined,
                "displayName": "Styled(p)",
                "render": [Function],
                "withComponent": [Function],
              },
            },
          ],
          "type": Object {
            "$$typeof": Symbol(react.forward_ref),
            "__emotion_base": "div",
            "__emotion_forwardProp": undefined,
            "__emotion_real": [Circular],
            "__emotion_styles": Array [
              Object {
                "&:last-child": Object {
                  "marginBottom": "0",
                },
                "marginBottom": "4px",
              },
            ],
            "defaultProps": undefined,
            "displayName": "Styled(div)",
            "render": [Function],
            "withComponent": [Function],
          },
        },
        "type": "div",
      },
    ],
    "type": "div",
  },
  Symbol(enzyme.__nodes__): Array [
    Object {
      "instance": null,
      "key": undefined,
      "nodeType": "host",
      "props": Object {
        "children": Array [
          <div>
            <ForwardRef(render)
              className="clearfix mb8 flex alignCenter spaceBetween"
            >
              <ForwardRef(render)
                className="m0 f14"
              >
                bad
              </ForwardRef(render)>
              <ForwardRef(render)
                className="pbc4 ml15 mr15 relative"
              >
                <div
                  className="actualRatings absolute l0 t0 b0 pbc1"
                  style={
                    Object {
                      "width": "1.3443830570902393%",
                    }
                  }
                />
              </ForwardRef(render)>
              <ForwardRef(render)
                className="m0 f14"
              >
                73
              </ForwardRef(render)>
            </ForwardRef(render)>
          </div>,
          <div>
            <ForwardRef(render)
              className="clearfix mb8 flex alignCenter spaceBetween"
            >
              <ForwardRef(render)
                className="m0 f14"
              >
                poor
              </ForwardRef(render)>
              <ForwardRef(render)
                className="pbc4 ml15 mr15 relative"
              >
                <div
                  className="actualRatings absolute l0 t0 b0 pbc1"
                  style={
                    Object {
                      "width": "15.948434622467772%",
                    }
                  }
                />
              </ForwardRef(render)>
              <ForwardRef(render)
                className="m0 f14"
              >
                866
              </ForwardRef(render)>
            </ForwardRef(render)>
          </div>,
          <div>
            <ForwardRef(render)
              className="clearfix mb8 flex alignCenter spaceBetween"
            >
              <ForwardRef(render)
                className="m0 f14"
              >
                good
              </ForwardRef(render)>
              <ForwardRef(render)
                className="pbc4 ml15 mr15 relative"
              >
                <div
                  className="actualRatings absolute l0 t0 b0 pbc1"
                  style={
                    Object {
                      "width": "14.898710865561696%",
                    }
                  }
                />
              </ForwardRef(render)>
              <ForwardRef(render)
                className="m0 f14"
              >
                809
              </ForwardRef(render)>
            </ForwardRef(render)>
          </div>,
          <div>
            <ForwardRef(render)
              className="clearfix mb8 flex alignCenter spaceBetween"
            >
              <ForwardRef(render)
                className="m0 f14"
              >
                veryGood
              </ForwardRef(render)>
              <ForwardRef(render)
                className="pbc4 ml15 mr15 relative"
              >
                <div
                  className="actualRatings absolute l0 t0 b0 pbc1"
                  style={
                    Object {
                      "width": "39.963167587476974%",
                    }
                  }
                />
              </ForwardRef(render)>
              <ForwardRef(render)
                className="m0 f14"
              >
                2170
              </ForwardRef(render)>
            </ForwardRef(render)>
          </div>,
          <div>
            <ForwardRef(render)
              className="clearfix mb8 flex alignCenter spaceBetween"
            >
              <ForwardRef(render)
                className="m0 f14"
              >
                excellent
              </ForwardRef(render)>
              <ForwardRef(render)
                className="pbc4 ml15 mr15 relative"
              >
                <div
                  className="actualRatings absolute l0 t0 b0 pbc1"
                  style={
                    Object {
                      "width": "40.38674033149171%",
                    }
                  }
                />
              </ForwardRef(render)>
              <ForwardRef(render)
                className="m0 f14"
              >
                2193
              </ForwardRef(render)>
            </ForwardRef(render)>
          </div>,
        ],
        "className": "bannerDataReviews sbcw",
      },
      "ref": null,
      "rendered": Array [
        Object {
          "instance": null,
          "key": "0",
          "nodeType": "host",
          "props": Object {
            "children": <ForwardRef(render)
              className="clearfix mb8 flex alignCenter spaceBetween"
            >
              <ForwardRef(render)
                className="m0 f14"
              >
                bad
              </ForwardRef(render)>
              <ForwardRef(render)
                className="pbc4 ml15 mr15 relative"
              >
                <div
                  className="actualRatings absolute l0 t0 b0 pbc1"
                  style={
                    Object {
                      "width": "1.3443830570902393%",
                    }
                  }
                />
              </ForwardRef(render)>
              <ForwardRef(render)
                className="m0 f14"
              >
                73
              </ForwardRef(render)>
            </ForwardRef(render)>,
          },
          "ref": null,
          "rendered": Object {
            "instance": null,
            "key": undefined,
            "nodeType": "function",
            "props": Object {
              "children": Array [
                <ForwardRef(render)
                  className="m0 f14"
                >
                  bad
                </ForwardRef(render)>,
                <ForwardRef(render)
                  className="pbc4 ml15 mr15 relative"
                >
                  <div
                    className="actualRatings absolute l0 t0 b0 pbc1"
                    style={
                      Object {
                        "width": "1.3443830570902393%",
                      }
                    }
                  />
                </ForwardRef(render)>,
                <ForwardRef(render)
                  className="m0 f14"
                >
                  73
                </ForwardRef(render)>,
              ],
              "className": "clearfix mb8 flex alignCenter spaceBetween",
            },
            "ref": null,
            "rendered": Array [
              Object {
                "instance": null,
                "key": undefined,
                "nodeType": "function",
                "props": Object {
                  "children": "bad",
                  "className": "m0 f14",
                },
                "ref": null,
                "rendered": "bad",
                "type": Object {
                  "$$typeof": Symbol(react.forward_ref),
                  "__emotion_base": "p",
                  "__emotion_forwardProp": undefined,
                  "__emotion_real": [Circular],
                  "__emotion_styles": Array [
                    Object {
                      "width": "115px",
                    },
                  ],
                  "defaultProps": undefined,
                  "displayName": "Styled(p)",
                  "render": [Function],
                  "withComponent": [Function],
                },
              },
              Object {
                "instance": null,
                "key": undefined,
                "nodeType": "function",
                "props": Object {
                  "children": <div
                    className="actualRatings absolute l0 t0 b0 pbc1"
                    style={
                      Object {
                        "width": "1.3443830570902393%",
                      }
                    }
                  />,
                  "className": "pbc4 ml15 mr15 relative",
                },
                "ref": null,
                "rendered": Object {
                  "instance": null,
                  "key": undefined,
                  "nodeType": "host",
                  "props": Object {
                    "className": "actualRatings absolute l0 t0 b0 pbc1",
                    "style": Object {
                      "width": "1.3443830570902393%",
                    },
                  },
                  "ref": null,
                  "rendered": null,
                  "type": "div",
                },
                "type": Object {
                  "$$typeof": Symbol(react.forward_ref),
                  "__emotion_base": "div",
                  "__emotion_forwardProp": undefined,
                  "__emotion_real": [Circular],
                  "__emotion_styles": Array [
                    Object {
                      "& .actualRatings": Object {
                        "height": "4px",
                        "width": "auto",
                      },
                      "height": "4px",
                      "width": "192px",
                    },
                  ],
                  "defaultProps": undefined,
                  "displayName": "Styled(div)",
                  "render": [Function],
                  "withComponent": [Function],
                },
              },
              Object {
                "instance": null,
                "key": undefined,
                "nodeType": "function",
                "props": Object {
                  "children": 73,
                  "className": "m0 f14",
                },
                "ref": null,
                "rendered": 73,
                "type": Object {
                  "$$typeof": Symbol(react.forward_ref),
                  "__emotion_base": "p",
                  "__emotion_forwardProp": undefined,
                  "__emotion_real": [Circular],
                  "__emotion_styles": Array [
                    Object {
                      "width": "80px",
                    },
                  ],
                  "defaultProps": undefined,
                  "displayName": "Styled(p)",
                  "render": [Function],
                  "withComponent": [Function],
                },
              },
            ],
            "type": Object {
              "$$typeof": Symbol(react.forward_ref),
              "__emotion_base": "div",
              "__emotion_forwardProp": undefined,
              "__emotion_real": [Circular],
              "__emotion_styles": Array [
                Object {
                  "&:last-child": Object {
                    "marginBottom": "0",
                  },
                  "marginBottom": "4px",
                },
              ],
              "defaultProps": undefined,
              "displayName": "Styled(div)",
              "render": [Function],
              "withComponent": [Function],
            },
          },
          "type": "div",
        },
        Object {
          "instance": null,
          "key": "1",
          "nodeType": "host",
          "props": Object {
            "children": <ForwardRef(render)
              className="clearfix mb8 flex alignCenter spaceBetween"
            >
              <ForwardRef(render)
                className="m0 f14"
              >
                poor
              </ForwardRef(render)>
              <ForwardRef(render)
                className="pbc4 ml15 mr15 relative"
              >
                <div
                  className="actualRatings absolute l0 t0 b0 pbc1"
                  style={
                    Object {
                      "width": "15.948434622467772%",
                    }
                  }
                />
              </ForwardRef(render)>
              <ForwardRef(render)
                className="m0 f14"
              >
                866
              </ForwardRef(render)>
            </ForwardRef(render)>,
          },
          "ref": null,
          "rendered": Object {
            "instance": null,
            "key": undefined,
            "nodeType": "function",
            "props": Object {
              "children": Array [
                <ForwardRef(render)
                  className="m0 f14"
                >
                  poor
                </ForwardRef(render)>,
                <ForwardRef(render)
                  className="pbc4 ml15 mr15 relative"
                >
                  <div
                    className="actualRatings absolute l0 t0 b0 pbc1"
                    style={
                      Object {
                        "width": "15.948434622467772%",
                      }
                    }
                  />
                </ForwardRef(render)>,
                <ForwardRef(render)
                  className="m0 f14"
                >
                  866
                </ForwardRef(render)>,
              ],
              "className": "clearfix mb8 flex alignCenter spaceBetween",
            },
            "ref": null,
            "rendered": Array [
              Object {
                "instance": null,
                "key": undefined,
                "nodeType": "function",
                "props": Object {
                  "children": "poor",
                  "className": "m0 f14",
                },
                "ref": null,
                "rendered": "poor",
                "type": Object {
                  "$$typeof": Symbol(react.forward_ref),
                  "__emotion_base": "p",
                  "__emotion_forwardProp": undefined,
                  "__emotion_real": [Circular],
                  "__emotion_styles": Array [
                    Object {
                      "width": "115px",
                    },
                  ],
                  "defaultProps": undefined,
                  "displayName": "Styled(p)",
                  "render": [Function],
                  "withComponent": [Function],
                },
              },
              Object {
                "instance": null,
                "key": undefined,
                "nodeType": "function",
                "props": Object {
                  "children": <div
                    className="actualRatings absolute l0 t0 b0 pbc1"
                    style={
                      Object {
                        "width": "15.948434622467772%",
                      }
                    }
                  />,
                  "className": "pbc4 ml15 mr15 relative",
                },
                "ref": null,
                "rendered": Object {
                  "instance": null,
                  "key": undefined,
                  "nodeType": "host",
                  "props": Object {
                    "className": "actualRatings absolute l0 t0 b0 pbc1",
                    "style": Object {
                      "width": "15.948434622467772%",
                    },
                  },
                  "ref": null,
                  "rendered": null,
                  "type": "div",
                },
                "type": Object {
                  "$$typeof": Symbol(react.forward_ref),
                  "__emotion_base": "div",
                  "__emotion_forwardProp": undefined,
                  "__emotion_real": [Circular],
                  "__emotion_styles": Array [
                    Object {
                      "& .actualRatings": Object {
                        "height": "4px",
                        "width": "auto",
                      },
                      "height": "4px",
                      "width": "192px",
                    },
                  ],
                  "defaultProps": undefined,
                  "displayName": "Styled(div)",
                  "render": [Function],
                  "withComponent": [Function],
                },
              },
              Object {
                "instance": null,
                "key": undefined,
                "nodeType": "function",
                "props": Object {
                  "children": 866,
                  "className": "m0 f14",
                },
                "ref": null,
                "rendered": 866,
                "type": Object {
                  "$$typeof": Symbol(react.forward_ref),
                  "__emotion_base": "p",
                  "__emotion_forwardProp": undefined,
                  "__emotion_real": [Circular],
                  "__emotion_styles": Array [
                    Object {
                      "width": "80px",
                    },
                  ],
                  "defaultProps": undefined,
                  "displayName": "Styled(p)",
                  "render": [Function],
                  "withComponent": [Function],
                },
              },
            ],
            "type": Object {
              "$$typeof": Symbol(react.forward_ref),
              "__emotion_base": "div",
              "__emotion_forwardProp": undefined,
              "__emotion_real": [Circular],
              "__emotion_styles": Array [
                Object {
                  "&:last-child": Object {
                    "marginBottom": "0",
                  },
                  "marginBottom": "4px",
                },
              ],
              "defaultProps": undefined,
              "displayName": "Styled(div)",
              "render": [Function],
              "withComponent": [Function],
            },
          },
          "type": "div",
        },
        Object {
          "instance": null,
          "key": "2",
          "nodeType": "host",
          "props": Object {
            "children": <ForwardRef(render)
              className="clearfix mb8 flex alignCenter spaceBetween"
            >
              <ForwardRef(render)
                className="m0 f14"
              >
                good
              </ForwardRef(render)>
              <ForwardRef(render)
                className="pbc4 ml15 mr15 relative"
              >
                <div
                  className="actualRatings absolute l0 t0 b0 pbc1"
                  style={
                    Object {
                      "width": "14.898710865561696%",
                    }
                  }
                />
              </ForwardRef(render)>
              <ForwardRef(render)
                className="m0 f14"
              >
                809
              </ForwardRef(render)>
            </ForwardRef(render)>,
          },
          "ref": null,
          "rendered": Object {
            "instance": null,
            "key": undefined,
            "nodeType": "function",
            "props": Object {
              "children": Array [
                <ForwardRef(render)
                  className="m0 f14"
                >
                  good
                </ForwardRef(render)>,
                <ForwardRef(render)
                  className="pbc4 ml15 mr15 relative"
                >
                  <div
                    className="actualRatings absolute l0 t0 b0 pbc1"
                    style={
                      Object {
                        "width": "14.898710865561696%",
                      }
                    }
                  />
                </ForwardRef(render)>,
                <ForwardRef(render)
                  className="m0 f14"
                >
                  809
                </ForwardRef(render)>,
              ],
              "className": "clearfix mb8 flex alignCenter spaceBetween",
            },
            "ref": null,
            "rendered": Array [
              Object {
                "instance": null,
                "key": undefined,
                "nodeType": "function",
                "props": Object {
                  "children": "good",
                  "className": "m0 f14",
                },
                "ref": null,
                "rendered": "good",
                "type": Object {
                  "$$typeof": Symbol(react.forward_ref),
                  "__emotion_base": "p",
                  "__emotion_forwardProp": undefined,
                  "__emotion_real": [Circular],
                  "__emotion_styles": Array [
                    Object {
                      "width": "115px",
                    },
                  ],
                  "defaultProps": undefined,
                  "displayName": "Styled(p)",
                  "render": [Function],
                  "withComponent": [Function],
                },
              },
              Object {
                "instance": null,
                "key": undefined,
                "nodeType": "function",
                "props": Object {
                  "children": <div
                    className="actualRatings absolute l0 t0 b0 pbc1"
                    style={
                      Object {
                        "width": "14.898710865561696%",
                      }
                    }
                  />,
                  "className": "pbc4 ml15 mr15 relative",
                },
                "ref": null,
                "rendered": Object {
                  "instance": null,
                  "key": undefined,
                  "nodeType": "host",
                  "props": Object {
                    "className": "actualRatings absolute l0 t0 b0 pbc1",
                    "style": Object {
                      "width": "14.898710865561696%",
                    },
                  },
                  "ref": null,
                  "rendered": null,
                  "type": "div",
                },
                "type": Object {
                  "$$typeof": Symbol(react.forward_ref),
                  "__emotion_base": "div",
                  "__emotion_forwardProp": undefined,
                  "__emotion_real": [Circular],
                  "__emotion_styles": Array [
                    Object {
                      "& .actualRatings": Object {
                        "height": "4px",
                        "width": "auto",
                      },
                      "height": "4px",
                      "width": "192px",
                    },
                  ],
                  "defaultProps": undefined,
                  "displayName": "Styled(div)",
                  "render": [Function],
                  "withComponent": [Function],
                },
              },
              Object {
                "instance": null,
                "key": undefined,
                "nodeType": "function",
                "props": Object {
                  "children": 809,
                  "className": "m0 f14",
                },
                "ref": null,
                "rendered": 809,
                "type": Object {
                  "$$typeof": Symbol(react.forward_ref),
                  "__emotion_base": "p",
                  "__emotion_forwardProp": undefined,
                  "__emotion_real": [Circular],
                  "__emotion_styles": Array [
                    Object {
                      "width": "80px",
                    },
                  ],
                  "defaultProps": undefined,
                  "displayName": "Styled(p)",
                  "render": [Function],
                  "withComponent": [Function],
                },
              },
            ],
            "type": Object {
              "$$typeof": Symbol(react.forward_ref),
              "__emotion_base": "div",
              "__emotion_forwardProp": undefined,
              "__emotion_real": [Circular],
              "__emotion_styles": Array [
                Object {
                  "&:last-child": Object {
                    "marginBottom": "0",
                  },
                  "marginBottom": "4px",
                },
              ],
              "defaultProps": undefined,
              "displayName": "Styled(div)",
              "render": [Function],
              "withComponent": [Function],
            },
          },
          "type": "div",
        },
        Object {
          "instance": null,
          "key": "3",
          "nodeType": "host",
          "props": Object {
            "children": <ForwardRef(render)
              className="clearfix mb8 flex alignCenter spaceBetween"
            >
              <ForwardRef(render)
                className="m0 f14"
              >
                veryGood
              </ForwardRef(render)>
              <ForwardRef(render)
                className="pbc4 ml15 mr15 relative"
              >
                <div
                  className="actualRatings absolute l0 t0 b0 pbc1"
                  style={
                    Object {
                      "width": "39.963167587476974%",
                    }
                  }
                />
              </ForwardRef(render)>
              <ForwardRef(render)
                className="m0 f14"
              >
                2170
              </ForwardRef(render)>
            </ForwardRef(render)>,
          },
          "ref": null,
          "rendered": Object {
            "instance": null,
            "key": undefined,
            "nodeType": "function",
            "props": Object {
              "children": Array [
                <ForwardRef(render)
                  className="m0 f14"
                >
                  veryGood
                </ForwardRef(render)>,
                <ForwardRef(render)
                  className="pbc4 ml15 mr15 relative"
                >
                  <div
                    className="actualRatings absolute l0 t0 b0 pbc1"
                    style={
                      Object {
                        "width": "39.963167587476974%",
                      }
                    }
                  />
                </ForwardRef(render)>,
                <ForwardRef(render)
                  className="m0 f14"
                >
                  2170
                </ForwardRef(render)>,
              ],
              "className": "clearfix mb8 flex alignCenter spaceBetween",
            },
            "ref": null,
            "rendered": Array [
              Object {
                "instance": null,
                "key": undefined,
                "nodeType": "function",
                "props": Object {
                  "children": "veryGood",
                  "className": "m0 f14",
                },
                "ref": null,
                "rendered": "veryGood",
                "type": Object {
                  "$$typeof": Symbol(react.forward_ref),
                  "__emotion_base": "p",
                  "__emotion_forwardProp": undefined,
                  "__emotion_real": [Circular],
                  "__emotion_styles": Array [
                    Object {
                      "width": "115px",
                    },
                  ],
                  "defaultProps": undefined,
                  "displayName": "Styled(p)",
                  "render": [Function],
                  "withComponent": [Function],
                },
              },
              Object {
                "instance": null,
                "key": undefined,
                "nodeType": "function",
                "props": Object {
                  "children": <div
                    className="actualRatings absolute l0 t0 b0 pbc1"
                    style={
                      Object {
                        "width": "39.963167587476974%",
                      }
                    }
                  />,
                  "className": "pbc4 ml15 mr15 relative",
                },
                "ref": null,
                "rendered": Object {
                  "instance": null,
                  "key": undefined,
                  "nodeType": "host",
                  "props": Object {
                    "className": "actualRatings absolute l0 t0 b0 pbc1",
                    "style": Object {
                      "width": "39.963167587476974%",
                    },
                  },
                  "ref": null,
                  "rendered": null,
                  "type": "div",
                },
                "type": Object {
                  "$$typeof": Symbol(react.forward_ref),
                  "__emotion_base": "div",
                  "__emotion_forwardProp": undefined,
                  "__emotion_real": [Circular],
                  "__emotion_styles": Array [
                    Object {
                      "& .actualRatings": Object {
                        "height": "4px",
                        "width": "auto",
                      },
                      "height": "4px",
                      "width": "192px",
                    },
                  ],
                  "defaultProps": undefined,
                  "displayName": "Styled(div)",
                  "render": [Function],
                  "withComponent": [Function],
                },
              },
              Object {
                "instance": null,
                "key": undefined,
                "nodeType": "function",
                "props": Object {
                  "children": 2170,
                  "className": "m0 f14",
                },
                "ref": null,
                "rendered": 2170,
                "type": Object {
                  "$$typeof": Symbol(react.forward_ref),
                  "__emotion_base": "p",
                  "__emotion_forwardProp": undefined,
                  "__emotion_real": [Circular],
                  "__emotion_styles": Array [
                    Object {
                      "width": "80px",
                    },
                  ],
                  "defaultProps": undefined,
                  "displayName": "Styled(p)",
                  "render": [Function],
                  "withComponent": [Function],
                },
              },
            ],
            "type": Object {
              "$$typeof": Symbol(react.forward_ref),
              "__emotion_base": "div",
              "__emotion_forwardProp": undefined,
              "__emotion_real": [Circular],
              "__emotion_styles": Array [
                Object {
                  "&:last-child": Object {
                    "marginBottom": "0",
                  },
                  "marginBottom": "4px",
                },
              ],
              "defaultProps": undefined,
              "displayName": "Styled(div)",
              "render": [Function],
              "withComponent": [Function],
            },
          },
          "type": "div",
        },
        Object {
          "instance": null,
          "key": "4",
          "nodeType": "host",
          "props": Object {
            "children": <ForwardRef(render)
              className="clearfix mb8 flex alignCenter spaceBetween"
            >
              <ForwardRef(render)
                className="m0 f14"
              >
                excellent
              </ForwardRef(render)>
              <ForwardRef(render)
                className="pbc4 ml15 mr15 relative"
              >
                <div
                  className="actualRatings absolute l0 t0 b0 pbc1"
                  style={
                    Object {
                      "width": "40.38674033149171%",
                    }
                  }
                />
              </ForwardRef(render)>
              <ForwardRef(render)
                className="m0 f14"
              >
                2193
              </ForwardRef(render)>
            </ForwardRef(render)>,
          },
          "ref": null,
          "rendered": Object {
            "instance": null,
            "key": undefined,
            "nodeType": "function",
            "props": Object {
              "children": Array [
                <ForwardRef(render)
                  className="m0 f14"
                >
                  excellent
                </ForwardRef(render)>,
                <ForwardRef(render)
                  className="pbc4 ml15 mr15 relative"
                >
                  <div
                    className="actualRatings absolute l0 t0 b0 pbc1"
                    style={
                      Object {
                        "width": "40.38674033149171%",
                      }
                    }
                  />
                </ForwardRef(render)>,
                <ForwardRef(render)
                  className="m0 f14"
                >
                  2193
                </ForwardRef(render)>,
              ],
              "className": "clearfix mb8 flex alignCenter spaceBetween",
            },
            "ref": null,
            "rendered": Array [
              Object {
                "instance": null,
                "key": undefined,
                "nodeType": "function",
                "props": Object {
                  "children": "excellent",
                  "className": "m0 f14",
                },
                "ref": null,
                "rendered": "excellent",
                "type": Object {
                  "$$typeof": Symbol(react.forward_ref),
                  "__emotion_base": "p",
                  "__emotion_forwardProp": undefined,
                  "__emotion_real": [Circular],
                  "__emotion_styles": Array [
                    Object {
                      "width": "115px",
                    },
                  ],
                  "defaultProps": undefined,
                  "displayName": "Styled(p)",
                  "render": [Function],
                  "withComponent": [Function],
                },
              },
              Object {
                "instance": null,
                "key": undefined,
                "nodeType": "function",
                "props": Object {
                  "children": <div
                    className="actualRatings absolute l0 t0 b0 pbc1"
                    style={
                      Object {
                        "width": "40.38674033149171%",
                      }
                    }
                  />,
                  "className": "pbc4 ml15 mr15 relative",
                },
                "ref": null,
                "rendered": Object {
                  "instance": null,
                  "key": undefined,
                  "nodeType": "host",
                  "props": Object {
                    "className": "actualRatings absolute l0 t0 b0 pbc1",
                    "style": Object {
                      "width": "40.38674033149171%",
                    },
                  },
                  "ref": null,
                  "rendered": null,
                  "type": "div",
                },
                "type": Object {
                  "$$typeof": Symbol(react.forward_ref),
                  "__emotion_base": "div",
                  "__emotion_forwardProp": undefined,
                  "__emotion_real": [Circular],
                  "__emotion_styles": Array [
                    Object {
                      "& .actualRatings": Object {
                        "height": "4px",
                        "width": "auto",
                      },
                      "height": "4px",
                      "width": "192px",
                    },
                  ],
                  "defaultProps": undefined,
                  "displayName": "Styled(div)",
                  "render": [Function],
                  "withComponent": [Function],
                },
              },
              Object {
                "instance": null,
                "key": undefined,
                "nodeType": "function",
                "props": Object {
                  "children": 2193,
                  "className": "m0 f14",
                },
                "ref": null,
                "rendered": 2193,
                "type": Object {
                  "$$typeof": Symbol(react.forward_ref),
                  "__emotion_base": "p",
                  "__emotion_forwardProp": undefined,
                  "__emotion_real": [Circular],
                  "__emotion_styles": Array [
                    Object {
                      "width": "80px",
                    },
                  ],
                  "defaultProps": undefined,
                  "displayName": "Styled(p)",
                  "render": [Function],
                  "withComponent": [Function],
                },
              },
            ],
            "type": Object {
              "$$typeof": Symbol(react.forward_ref),
              "__emotion_base": "div",
              "__emotion_forwardProp": undefined,
              "__emotion_real": [Circular],
              "__emotion_styles": Array [
                Object {
                  "&:last-child": Object {
                    "marginBottom": "0",
                  },
                  "marginBottom": "4px",
                },
              ],
              "defaultProps": undefined,
              "displayName": "Styled(div)",
              "render": [Function],
              "withComponent": [Function],
            },
          },
          "type": "div",
        },
      ],
      "type": "div",
    },
  ],
  Symbol(enzyme.__options__): Object {
    "adapter": ReactSixteenAdapter {
      "options": Object {
        "enableComponentDidUpdateOnSetState": true,
        "legacyContextMode": "parent",
        "lifecycles": Object {
          "componentDidUpdate": Object {
            "onSetState": true,
          },
          "getChildContext": Object {
            "calledByRenderer": false,
          },
          "getDerivedStateFromError": true,
          "getDerivedStateFromProps": Object {
            "hasShouldComponentUpdateBug": false,
          },
          "getSnapshotBeforeUpdate": true,
          "setState": Object {
            "skipsComponentDidUpdateOnNullish": true,
          },
        },
      },
    },
    Symbol(enzyme.__providerValues__): undefined,
  },
  Symbol(enzyme.__providerValues__): Map {},
}
`;
